String	String	String
a	b	c
b	c	a
c	a	b
x	y	z
y	z	x
z	x	y
