0	1
1	2
2	3
3	4
4	5
5	0
5	6
6	7
7	8
8	9
9	10
10	7
0	2
1	3
2	4
3	5
4	0
4	6
5	1
5	7
6	8
7	9
8	10
9	7
10	8
0	3
1	4
2	5
3	0
3	6
4	1
4	7
5	2
5	8
6	9
7	10
8	7
9	8
10	9
0	4
1	5
2	0
2	6
3	1
3	7
4	2
4	8
5	3
5	9
6	10
7	7
8	8
9	9
10	10
0	5
1	0
1	6
2	1
2	7
3	2
3	8
4	3
4	9
5	4
5	10
0	0
0	6
1	1
1	7
2	2
2	8
3	3
3	9
4	4
4	10
5	5
0	7
1	8
2	9
3	10
0	8
1	9
2	10
0	9
1	10
0	10
