0	1
1	2
2	3
3	4
4	5
5	0
7	8
8	9
9	10
10	7
0	2
1	3
2	4
3	5
4	0
5	1
7	9
8	10
9	7
10	8
0	3
1	4
2	5
3	0
4	1
5	2
7	10
8	7
9	8
10	9
0	4
1	5
2	0
3	1
4	2
5	3
7	7
8	8
9	9
10	10
0	5
1	0
2	1
3	2
4	3
5	4
0	0
1	1
2	2
3	3
4	4
5	5
