String	String
AU	CHI
AU	JPN
JPN	DEN
JPN	CHI
AU	DEN
