Int
0
1
2
3
4
8
12
13
16
19
23
26
29
33
36
39
40
52
64
68
80
92
96
108
120
