Int	Int	Int	Int	Int	Int
1	2	3	4	5	6
11	12	13	14	15	16
