String	String
v83	h3
v83	h7
v83	h12
v83	h14
v83	h19
v83	h38
v83	h41
v83	h51
v83	h73
v83	h89
v83	h90
v83	h99
v86	h0
v86	h2
v86	h12
v86	h14
v86	h18
v86	h29
v86	h30
v86	h40
v86	h53
v86	h69
v86	h71
v86	h83
v86	h85
v86	h99
v77	h9
v77	h35
v77	h62
v77	h87
v77	h90
v77	h96
v15	h21
v15	h40
v15	h49
v15	h52
v15	h57
v15	h84
v15	h86
v15	h95
v15	h96
v93	h13
v93	h18
v93	h24
v93	h57
v93	h68
v93	h78
v93	h85
v93	h86
v35	h21
v35	h32
v35	h37
v35	h48
v35	h52
v35	h68
v35	h77
v35	h87
v35	h95
v92	h15
v92	h17
v92	h32
v92	h52
v92	h86
v49	h10
v49	h44
v49	h51
v49	h96
v49	h99
v21	h10
v21	h22
v21	h37
v21	h42
v21	h58
v21	h60
v21	h70
v21	h93
v62	h12
v62	h62
v62	h82
v62	h89
v27	h4
v27	h12
v27	h34
v27	h50
v27	h67
v27	h82
v27	h94
v90	h3
v90	h5
v90	h9
v90	h12
v90	h13
v90	h23
v90	h24
v90	h36
v90	h39
v90	h47
v90	h53
v90	h82
v90	h89
v90	h92
v59	h1
v59	h6
v59	h17
v59	h18
v59	h28
v59	h44
v59	h57
v59	h77
v59	h85
v59	h98
v63	h0
v63	h13
v63	h18
v63	h22
v63	h35
v63	h87
v63	h91
v63	h98
v63	h99
v26	h18
v26	h22
v26	h24
v26	h48
v26	h63
v26	h69
v26	h92
v40	h4
v40	h8
v40	h20
v40	h21
v40	h39
v40	h41
v40	h45
v40	h54
v40	h83
v40	h84
v40	h90
v72	h16
v72	h21
v72	h26
v72	h37
v72	h41
v72	h46
v72	h59
v72	h72
v72	h73
v72	h74
v72	h91
v72	h98
v36	h32
v36	h44
v36	h52
v36	h63
v36	h70
v36	h93
v11	h5
v11	h22
v11	h23
v11	h27
v11	h28
v11	h40
v11	h57
v11	h67
v11	h69
v11	h85
v68	h5
v68	h8
v68	h15
v68	h28
v68	h31
v68	h40
v68	h87
v68	h90
v68	h93
v67	h4
v67	h5
v67	h29
v67	h47
v67	h64
v67	h77
v29	h0
v29	h2
v29	h3
v29	h31
v29	h36
v29	h43
v29	h46
v29	h49
v29	h76
v82	h17
v82	h21
v82	h22
v82	h42
v82	h44
v82	h65
v82	h99
v30	h29
v30	h33
v30	h39
v30	h63
v30	h67
v30	h73
v30	h78
v30	h86
v30	h90
v30	h93
v30	h98
v23	h18
v23	h38
v23	h51
v23	h87
v2	h2
v2	h10
v2	h13
v2	h17
v2	h28
v2	h31
v2	h37
v2	h74
v2	h94
v22	h11
v22	h47
v22	h54
v22	h71
v22	h81
v22	h83
v22	h92
v58	h12
v58	h20
v58	h24
v58	h30
v58	h70
v58	h73
v58	h77
v69	h5
v69	h26
v69	h46
v69	h52
v69	h73
v69	h89
v69	h96
v56	h1
v56	h43
v56	h44
v56	h60
v56	h79
v56	h81
v56	h90
v56	h97
v42	h16
v42	h32
v42	h36
v42	h54
v42	h60
v42	h70
v42	h79
v42	h98
v73	h4
v73	h11
v73	h13
v73	h15
v73	h64
v19	h10
v19	h15
v19	h31
v19	h33
v19	h40
v19	h43
v19	h70
v19	h89
v84	h17
v84	h28
v84	h56
v84	h72
v84	h76
v84	h92
v84	h93
v37	h5
v37	h33
v37	h35
v37	h59
v37	h62
v37	h87
v37	h89
v98	h7
v98	h36
v98	h49
v98	h84
v98	h88
v98	h91
v98	h95
v24	h0
v24	h9
v24	h19
v24	h22
v24	h28
v24	h59
v24	h72
v24	h82
v70	h21
v70	h34
v70	h37
v70	h51
v70	h76
v70	h94
v13	h26
v13	h33
v13	h61
v13	h79
v13	h98
v91	h10
v91	h27
v91	h38
v91	h40
v91	h47
v91	h53
v91	h57
v80	h18
v80	h26
v80	h31
v80	h41
v80	h86
v80	h87
v80	h94
v80	h98
v96	h24
v96	h59
v96	h63
v96	h75
v96	h79
v81	h6
v81	h11
v81	h13
v81	h19
v81	h23
v81	h30
v81	h47
v81	h60
v81	h61
v81	h65
v81	h81
v81	h87
v81	h93
v81	h99
v5	h20
v5	h21
v5	h43
v5	h63
v5	h66
v25	h4
v25	h15
v25	h28
v25	h33
v25	h43
v25	h44
v25	h52
v25	h56
v25	h72
v25	h79
v25	h81
v25	h95
v25	h96
v25	h97
v46	h8
v46	h26
v46	h68
v46	h88
v57	h4
v57	h14
v57	h19
v57	h54
v57	h62
v57	h65
v57	h74
v57	h93
v57	h94
v95	h26
v95	h29
v95	h43
v95	h69
v95	h76
v95	h77
v45	h0
v45	h46
v45	h82
v45	h95
v14	h26
v14	h38
v14	h59
v14	h64
v14	h65
v14	h71
v14	h85
v14	h87
v14	h89
v34	h7
v34	h16
v34	h21
v34	h33
v34	h39
v34	h58
v34	h83
v34	h90
v34	h91
v64	h21
v64	h24
v64	h42
v64	h85
v64	h90
v64	h97
v43	h4
v43	h19
v43	h37
v43	h39
v43	h46
v43	h70
v43	h73
v43	h95
v43	h98
v50	h0
v50	h25
v50	h36
v50	h57
v50	h62
v50	h68
v50	h84
v50	h87
v50	h93
v87	h6
v87	h22
v87	h32
v87	h34
v87	h57
v87	h73
v87	h77
v87	h99
v8	h34
v8	h53
v8	h58
v8	h62
v8	h69
v8	h95
v8	h97
v76	h16
v76	h47
v76	h50
v76	h52
v76	h54
v76	h69
v76	h79
v76	h83
v76	h98
v76	h99
v78	h9
v78	h53
v78	h57
v78	h59
v78	h67
v88	h38
v88	h54
v88	h57
v88	h64
v88	h69
v88	h74
v88	h79
v88	h92
v3	h0
v3	h20
v3	h25
v3	h35
v3	h53
v3	h85
v3	h86
v51	h5
v51	h7
v51	h16
v51	h21
v51	h31
v51	h35
v51	h37
v51	h39
v51	h51
v51	h89
v51	h97
v54	h4
v54	h23
v54	h26
v54	h50
v54	h61
v54	h67
v54	h75
v54	h82
v99	h17
v99	h21
v99	h24
v99	h34
v99	h40
v99	h57
v99	h62
v99	h72
v99	h79
v32	h34
v32	h61
v32	h69
v32	h90
v32	h94
v60	h4
v60	h14
v60	h18
v60	h36
v60	h49
v60	h50
v60	h62
v60	h81
v60	h82
v39	h0
v39	h11
v39	h25
v39	h37
v39	h43
v39	h49
v39	h54
v39	h59
v39	h69
v39	h74
v39	h81
v39	h96
v12	h0
v12	h31
v12	h48
v12	h50
v12	h92
v94	h13
v94	h16
v94	h20
v94	h36
v94	h60
v94	h73
v1	h13
v1	h61
v1	h83
v1	h97
v41	h12
v41	h20
v41	h37
v41	h42
v41	h65
v41	h70
v89	h26
v89	h27
v89	h32
v89	h44
v89	h67
v89	h72
v17	h6
v17	h9
v17	h17
v17	h23
v17	h41
v17	h46
v17	h54
v17	h61
v17	h97
v71	h32
v71	h40
v71	h46
v71	h49
v71	h51
v71	h71
v71	h73
v71	h80
v71	h81
v71	h89
v75	h9
v75	h50
v75	h55
v75	h65
v75	h66
v75	h79
v75	h88
v53	h8
v53	h12
v53	h26
v53	h28
v53	h43
v53	h62
v53	h69
v53	h81
v53	h86
v65	h6
v65	h8
v65	h56
v65	h59
v65	h68
v65	h94
v55	h12
v55	h19
v55	h55
v55	h60
v55	h70
v55	h79
v55	h88
v55	h90
v55	h94
v28	h8
v28	h25
v28	h27
v28	h35
v28	h39
v28	h41
v28	h43
v28	h54
v28	h71
v28	h75
v28	h78
v28	h82
v28	h99
v0	h15
v0	h34
v0	h38
v0	h53
v0	h62
v0	h92
v7	h18
v7	h45
v7	h55
v7	h72
v7	h74
v7	h84
v4	h28
v4	h33
v4	h38
v4	h39
v4	h43
v4	h48
v4	h54
v4	h65
v4	h71
v4	h73
v4	h76
v4	h79
v38	h6
v38	h25
v38	h51
v38	h59
v38	h69
v38	h88
v18	h1
v18	h5
v18	h11
v18	h17
v18	h28
v18	h41
v18	h45
v18	h87
v18	h96
v10	h5
v10	h16
v10	h34
v10	h42
v10	h73
v10	h93
v16	h16
v16	h29
v16	h52
v16	h75
v16	h82
v16	h83
v16	h92
v31	h10
v31	h13
v31	h28
v31	h32
v31	h61
v31	h81
v66	h11
v66	h52
v66	h63
v66	h70
v66	h78
v66	h84
v66	h94
v66	h97
v66	h98
v9	h31
v9	h36
v9	h66
v9	h90
v9	h96
v85	h22
v85	h36
v85	h89
v6	h7
v6	h34
v6	h38
v6	h51
v6	h64
v6	h84
v6	h95
v6	h97
v48	h3
v48	h5
v48	h23
v48	h47
v48	h56
v48	h90
v33	h7
v33	h13
v33	h15
v33	h23
v33	h28
v33	h33
v33	h39
v33	h57
v33	h63
v33	h82
v33	h87
v97	h0
v97	h8
v97	h27
v97	h32
v97	h49
v97	h53
v97	h55
v97	h63
v97	h83
v97	h96
v97	h99
v44	h24
v44	h29
v44	h69
v44	h75
v44	h96
v44	h99
v61	h2
v61	h25
v61	h33
v61	h43
v61	h62
v61	h81
v52	h31
v52	h45
v52	h63
v52	h65
v52	h78
v79	h10
v79	h42
v79	h61
v79	h77
v79	h90
v79	h94
v74	h14
v74	h26
v74	h55
v74	h80
v47	h0
v47	h31
v47	h50
v47	h71
v20	h5
v20	h14
v20	h41
v20	h67
v20	h80
v20	h84
v20	h92
