String	String
v83	h0
h0	h1
h0	h6
h0	h14
h0	h23
h0	h30
h0	h40
h0	h47
h0	h67
h0	h70
h0	h73
h0	h79
h0	h86
h0	h94
h0	h95
h0	h97
h0	h99
v86	h1
v86	h6
v86	h97
h1	h13
h1	h37
h1	h54
v77	h2
h2	h1
h2	h6
h2	h23
h2	h30
h2	h31
h2	h40
h2	h67
h2	h97
v15	h3
v15	h48
h3	h0
h3	h12
h3	h23
h3	h30
h3	h40
h3	h67
v93	h4
v93	h36
h4	h11
h4	h16
h4	h22
h4	h28
h4	h35
h4	h41
h4	h55
h4	h61
h4	h63
h4	h69
h4	h75
h4	h78
h4	h88
h4	h91
v35	h5
v35	h29
h5	h12
h5	h20
h5	h21
h5	h22
h5	h28
h5	h34
h5	h35
h5	h38
h5	h45
h5	h75
h5	h87
h5	h93
h6	h13
h6	h59
h6	h80
v92	h7
h7	h0
h7	h46
h7	h76
h7	h87
v49	h8
h8	h16
h8	h21
h8	h66
h8	h93
v21	h9
v21	h42
h9	h2
h9	h12
h9	h47
h9	h70
h9	h83
v62	h10
v62	h26
v62	h56
h10	h8
h10	h9
h10	h31
h10	h42
h10	h43
h10	h52
v27	h11
v27	h63
h11	h32
h11	h41
h11	h55
h11	h59
h11	h94
h11	h99
v90	h12
h12	h0
h12	h1
h12	h6
h12	h10
h12	h11
h12	h12
h12	h26
h12	h33
h12	h56
h12	h63
h12	h97
v59	h13
h13	h4
h13	h12
h13	h14
h13	h31
h13	h36
h13	h41
h13	h55
h13	h59
h13	h98
v63	h14
h14	h0
h14	h1
h14	h6
h14	h69
h14	h91
h14	h97
v26	h15
v26	h17
v26	h51
v26	h96
h15	h7
h15	h21
h15	h41
h15	h43
h15	h55
h15	h61
h15	h93
v40	h16
h16	h18
h16	h39
h16	h76
h16	h82
h16	h87
h16	h92
h16	h98
h17	h7
h17	h13
h17	h24
h17	h31
h17	h44
h17	h62
h17	h72
h17	h85
h17	h89
v72	h18
h18	h1
h18	h4
h18	h6
h18	h13
h18	h14
h18	h15
h18	h17
h18	h27
h18	h36
h18	h51
h18	h53
h18	h91
h18	h96
h18	h97
v36	h19
v36	h64
h19	h0
h19	h47
h19	h59
h19	h69
h19	h70
h19	h78
v11	h20
v11	h38
h20	h16
h20	h33
h20	h60
h20	h65
h20	h86
h20	h98
v68	h21
v68	h93
h21	h3
h21	h5
h21	h16
h21	h18
h21	h24
h21	h29
h21	h48
h21	h49
h21	h57
h21	h60
h21	h65
h21	h72
h21	h76
h21	h77
h21	h87
h21	h89
v67	h22
v67	h28
v67	h35
v67	h75
h22	h9
h22	h14
h22	h15
h22	h17
h22	h20
h22	h24
h22	h38
h22	h42
h22	h47
h22	h51
h22	h70
h22	h72
h22	h80
h22	h96
v29	h23
v29	h30
v29	h40
v29	h67
h23	h12
h23	h20
h23	h38
h23	h59
h23	h88
v82	h24
v82	h72
h24	h4
h24	h12
h24	h15
h24	h17
h24	h33
h24	h36
h24	h51
h24	h58
h24	h77
h24	h89
h24	h96
v30	h25
h25	h79
h25	h86
h25	h94
h25	h99
h26	h18
h26	h34
h26	h50
h26	h53
h26	h66
h26	h68
h26	h71
h26	h74
h26	h88
v23	h27
h27	h20
h27	h38
h27	h52
h28	h13
h28	h20
h28	h21
h28	h31
h28	h38
h28	h44
h28	h47
h28	h61
h28	h62
h28	h70
h28	h85
h28	h93
h29	h1
h29	h6
h29	h22
h29	h25
h29	h28
h29	h35
h29	h71
h29	h75
h29	h97
h30	h1
h30	h6
h30	h33
h30	h59
h30	h97
v2	h31
h31	h21
h31	h23
h31	h30
h31	h31
h31	h40
h31	h43
h31	h53
h31	h67
h31	h87
h31	h93
h31	h95
v22	h32
h32	h5
h32	h7
h32	h19
h32	h29
h32	h39
h32	h64
h32	h80
v58	h33
h33	h25
h33	h43
h33	h45
h33	h50
h33	h61
h33	h68
h33	h76
v69	h34
h34	h11
h34	h49
h34	h57
h34	h63
h34	h80
h34	h81
h34	h89
h34	h90
h35	h2
h35	h14
h35	h45
h35	h86
h35	h87
h36	h12
h36	h23
h36	h30
h36	h39
h36	h40
h36	h46
h36	h67
h36	h79
h36	h91
h36	h98
v56	h37
v56	h54
h37	h5
h37	h9
h37	h18
h37	h29
h37	h31
h37	h42
h37	h49
h37	h57
h37	h78
h37	h87
h37	h94
h37	h99
h38	h0
h38	h27
h38	h52
h38	h74
h38	h84
v42	h39
h39	h12
h39	h16
h39	h25
h39	h76
h39	h78
h39	h87
h40	h1
h40	h3
h40	h6
h40	h20
h40	h21
h40	h38
h40	h43
h40	h48
h40	h52
h40	h89
h40	h93
h40	h97
v73	h41
v73	h55
h41	h0
h41	h16
h41	h18
h41	h53
h42	h9
h42	h24
h42	h42
h42	h72
h42	h77
v19	h43
h43	h23
h43	h30
h43	h37
h43	h40
h43	h43
h43	h54
h43	h60
h43	h61
h43	h65
h43	h67
h43	h71
h43	h94
h43	h99
v84	h44
v84	h62
v84	h85
h44	h8
h44	h13
h44	h19
h44	h24
h44	h37
h44	h54
h44	h61
h44	h64
h44	h72
v37	h45
h45	h16
v98	h46
h46	h18
h46	h23
h46	h30
h46	h34
h46	h40
h46	h67
h46	h73
h46	h78
v24	h47
v24	h70
h47	h12
h47	h22
h47	h28
h47	h32
h47	h35
h47	h52
h47	h59
h47	h75
h47	h82
h47	h92
h48	h5
h48	h15
h48	h17
h48	h29
h48	h51
h48	h95
h48	h96
v70	h49
v70	h57
h49	h3
h49	h23
h49	h30
h49	h40
h49	h46
h49	h48
h49	h67
h49	h91
h49	h94
h49	h99
v13	h50
v13	h68
h50	h11
h50	h63
h50	h82
h50	h88
h50	h91
h50	h92
h50	h95
h51	h0
h51	h8
h51	h27
h51	h49
h51	h57
h51	h87
v91	h52
h52	h3
h52	h5
h52	h7
h52	h19
h52	h29
h52	h34
h52	h48
h52	h61
h52	h64
h52	h82
h52	h92
v80	h53
h53	h1
h53	h6
h53	h12
h53	h52
h53	h81
h53	h83
h53	h86
h53	h97
h54	h16
h54	h32
h54	h39
h54	h69
h54	h82
h54	h84
h54	h92
h54	h94
h54	h99
h56	h44
h56	h61
h56	h62
h56	h85
h57	h3
h57	h4
h57	h13
h57	h20
h57	h36
h57	h38
h57	h48
h57	h52
h57	h79
h57	h80
h57	h83
h57	h84
h57	h89
v96	h58
h58	h9
h58	h42
h58	h76
h58	h81
v81	h59
h59	h18
h59	h45
h59	h47
h59	h58
h59	h70
h59	h74
h59	h83
h59	h94
h59	h99
v5	h60
v5	h65
h60	h9
h60	h37
h60	h39
h60	h42
h60	h54
h60	h59
h60	h98
v25	h61
h61	h50
h61	h59
h61	h68
h61	h88
h61	h90
h62	h2
h62	h10
h62	h26
h62	h45
h62	h56
h62	h69
h62	h79
h62	h81
h62	h89
h62	h91
h63	h15
h63	h17
h63	h19
h63	h25
h63	h51
h63	h58
h63	h60
h63	h64
h63	h65
h63	h96
h64	h22
h64	h28
h64	h35
h64	h41
h64	h55
h64	h74
h64	h75
h64	h84
h65	h24
h65	h59
h65	h69
h65	h72
h65	h74
v46	h66
h66	h60
h66	h65
h67	h11
h67	h20
h67	h25
h67	h38
h67	h63
h67	h83
h67	h88
h68	h4
h68	h5
h68	h29
h68	h36
h68	h66
h68	h79
v57	h69
h69	h1
h69	h6
h69	h15
h69	h17
h69	h20
h69	h38
h69	h51
h69	h71
h69	h81
h69	h82
h69	h84
h69	h90
h69	h92
h69	h94
h69	h96
h69	h97
h69	h99
h70	h9
h70	h19
h70	h33
h70	h39
h70	h42
h70	h43
h70	h64
h70	h78
v95	h71
h71	h1
h71	h6
h71	h32
h71	h74
h71	h97
h72	h18
h72	h44
h72	h47
h72	h61
h72	h62
h72	h70
h72	h85
h72	h89
v45	h73
h73	h0
h73	h18
h73	h25
h73	h33
h73	h34
h73	h78
h73	h80
h73	h98
v14	h74
h74	h18
h74	h31
h74	h69
h74	h84
h74	h94
h74	h99
h75	h58
h75	h88
v34	h76
h76	h23
h76	h30
h76	h40
h76	h44
h76	h49
h76	h57
h76	h62
h76	h67
h76	h71
h76	h85
v64	h77
h77	h5
h77	h13
h77	h22
h77	h28
h77	h29
h77	h33
h77	h35
h77	h71
h77	h75
h77	h80
v43	h78
h78	h4
h78	h25
h78	h36
v50	h79
h79	h37
h79	h39
h79	h50
h79	h54
h79	h58
h79	h61
h79	h68
h79	h82
h79	h84
h79	h89
h79	h92
v87	h80
v8	h81
h81	h32
h81	h37
h81	h54
h81	h59
h81	h61
h81	h91
h81	h94
h81	h99
v76	h82
v76	h92
h82	h10
h82	h11
h82	h12
h82	h26
h82	h47
h82	h56
h82	h63
h82	h70
h82	h73
h82	h88
h82	h91
v78	h83
h83	h1
h83	h6
h83	h16
h83	h32
h83	h76
h83	h82
h83	h92
h83	h97
v88	h84
h84	h3
h84	h16
h84	h46
h84	h48
h84	h79
h85	h1
h85	h4
h85	h6
h85	h13
h85	h20
h85	h36
h85	h38
h85	h74
h85	h77
h85	h86
h85	h97
v3	h86
h86	h3
h86	h4
h86	h7
h86	h25
h86	h36
h86	h48
h86	h53
h86	h86
v51	h87
h87	h2
h87	h5
h87	h14
h87	h21
h87	h27
h87	h29
h87	h45
h87	h53
h87	h59
h87	h74
h87	h79
h87	h93
v54	h88
h88	h46
h88	h66
v99	h89
h89	h0
h89	h10
h89	h12
h89	h26
h89	h34
h89	h43
h89	h45
h89	h56
h89	h74
h89	h87
v32	h90
h90	h0
h90	h2
h90	h16
h90	h21
h90	h25
h90	h37
h90	h54
h90	h76
h90	h77
h90	h90
h90	h93
v60	h91
h91	h14
h91	h18
h91	h46
h91	h76
h92	h12
h92	h15
h92	h17
h92	h32
h92	h44
h92	h51
h92	h62
h92	h84
h92	h85
h92	h95
h92	h96
h93	h9
h93	h19
h93	h21
h93	h25
h93	h42
h93	h44
h93	h59
h93	h62
h93	h64
h93	h69
h93	h79
h93	h85
h93	h93
v39	h94
v39	h99
h94	h11
h94	h31
h94	h49
h94	h53
h94	h57
h94	h63
h94	h69
h94	h90
v12	h95
h95	h3
h95	h5
h95	h29
h95	h46
h95	h48
h95	h61
h95	h73
h95	h78
h95	h81
h96	h2
h96	h3
h96	h8
h96	h34
h96	h48
h96	h61
h96	h94
h96	h99
h97	h37
h97	h54
h97	h61
h97	h77
h97	h81
h97	h87
v94	h98
h98	h13
h98	h14
h98	h18
h98	h25
h98	h39
h98	h50
h98	h53
h98	h68
h98	h78
h98	h82
h98	h92
h99	h0
h99	h1
h99	h6
h99	h8
h99	h14
h99	h24
h99	h59
h99	h72
h99	h80
h99	h82
h99	h92
h99	h97
