String	String	String
1	x	1
2	x	1
2	y	2
3	x	1
3	y	2
3	z	3
4	z	3
4	z	5
4	x	4
4	y	2
5	y	2
5	x	4
5	z	5
6	y	2
6	x	4
6	z	5
7	x	4
7	y	2
7	z	5
