String	String
slistlib.Empty.get.this	new[slistlib.Empty]#12
slistlib.Cons.cons	new[slistlib.Empty]#12
slistlib.SimpleList.take.elem$3	new[slistlib.IntWrap]#4
slistlib.SimpleList.::.this	new[slistlib.Empty]#8
slistlib.SimpleList.reverse.rec.remaining	new[slistlib.Empty]#12
slistlib.Main.main.elt	new[slistlib.IntWrap]#2
slistlib.Main.main.intermediateInputVar2	new[slistlib.Cons]#10
slistlib.SimpleList.reverse.rec.elem$1	new[slistlib.IntWrap]#3
slistlib.Main.main.sl	new[slistlib.Cons]#10
slistlib.Empty.head.this	new[slistlib.Empty]#1
slistlib.Cons.<init>.cons	new[slistlib.Empty]#12
slistlib.SimpleList.take.elem$3	new[slistlib.IntWrap]#3
slistlib.Empty.head.this	new[slistlib.Empty]#11
slistlib.SimpleList.reverse.rec.elem$1	new[slistlib.IntWrap]#2
slistlib.SimpleList.::.elem	new[slistlib.IntWrap]#9
slistlib.SimpleList.reverse.temp#1	new[slistlib.Cons]#10
slistlib.Cons.<init>.cons	new[slistlib.Empty]#1
slistlib.SimpleList.::.this	new[slistlib.Empty]#12
slistlib.SimpleList.<init>.this	new[slistlib.Empty]#12
slistlib.SimpleList.take.temp#3	new[slistlib.Empty]#11
slistlib.Cons.first	new[slistlib.IntWrap]#2
slistlib.Cons.size.this	new[slistlib.Cons]#10
slistlib.Empty.size.this	new[slistlib.Empty]#8
slistlib.Cons.<init>.first	new[slistlib.IntWrap]#5
slistlib.SimpleList.reverse.rec.temp#3	new[slistlib.Empty]#1
slistlib.Printable.<init>.this	new[slistlib.Empty]#1
slistlib.Cons.get.temp	new[slistlib.IntWrap]#2
slistlib.SimpleList.reverse.temp#1	new[slistlib.Empty]#12
slistlib.Main.main.temp#5	new[slistlib.IntWrap]#2
slistlib.Main.main.intermediateSerializedVar1	new[slistlib.StringWrap]#13
slistlib.SimpleList.reverse.rec.temp#3	new[slistlib.Empty]#8
slistlib.Main.main.display.temp#3	new[slistlib.IntWrap]#5
slistlib.Main.main.INPUT_VAR	new[slistlib.Cons]#10
slistlib.SimpleList.reverse.temp#3	new[slistlib.Empty]#11
slistlib.SimpleList.slice.this	new[slistlib.Empty]#12
slistlib.SimpleList.<init>.this	new[slistlib.Cons]#10
slistlib.SimpleList.::.this	new[slistlib.Empty]#1
slistlib.IntWrap.<init>.this	new[slistlib.IntWrap]#5
slistlib.SimpleList.serialize.temp#3	new[slistlib.IntWrap]#9
slistlib.SimpleList.::.elem	new[slistlib.IntWrap]#7
slistlib.SimpleList.reverse.rec.remaining	new[slistlib.Empty]#11
slistlib.Cons.<init>.cons	new[slistlib.Empty]#8
slistlib.IntWrap.<init>.this	new[slistlib.IntWrap]#7
slistlib.Empty.size.this	new[slistlib.Empty]#6
slistlib.SimpleList.slice.this	new[slistlib.Empty]#8
slistlib.SimpleList.slice.temp	new[slistlib.Empty]#12
slistlib.Main.main.SERIALIZED_VAR	new[slistlib.StringWrap]#13
slistlib.Main.main.display.temp#3	new[slistlib.IntWrap]#9
slistlib.Empty.head.this	new[slistlib.Empty]#8
slistlib.Empty.head.temp#1	new[java.lang.Exception]#15
slistlib.SimpleList.<init>.this	new[slistlib.Empty]#1
slistlib.SimpleList.reverse.rec.remaining	new[slistlib.Cons]#10
slistlib.SimpleList.reverse.temp#1	new[slistlib.Empty]#11
slistlib.SimpleList.reverse.rec.remaining	new[slistlib.Empty]#1
slistlib.SimpleList.take.temp#3	new[slistlib.Cons]#10
slistlib.Main.main.temp#1	new[slistlib.Cons]#10
slistlib.Main.main.elt	new[slistlib.IntWrap]#5
slistlib.Empty.get.temp#1	new[java.lang.Exception]#14
slistlib.Empty.tail.temp#1	new[java.lang.Exception]#16
slistlib.Cons.cons	new[slistlib.Empty]#6
slistlib.Cons.first	new[slistlib.IntWrap]#7
slistlib.SimpleList.reverse.elem$2	new[slistlib.IntWrap]#4
slistlib.SimpleList.::.elem	new[slistlib.IntWrap]#2
slistlib.SimpleList.reverse.elem$2	new[slistlib.IntWrap]#5
slistlib.Main.main.temp#3	new[slistlib.Cons]#10
slistlib.SimpleList.reverse.rec.remaining	new[slistlib.Empty]#6
slistlib.Cons.<init>.cons	new[slistlib.Empty]#11
slistlib.SimpleList.::.this	new[slistlib.Empty]#6
slistlib.Empty.<init>.this	new[slistlib.Empty]#11
slistlib.Empty.size.this	new[slistlib.Empty]#1
slistlib.SimpleList.::.this	new[slistlib.Empty]#11
slistlib.Printable.<init>.this	new[slistlib.Empty]#12
slistlib.Empty.<init>.this	new[slistlib.Empty]#6
slistlib.SimpleList.reverse.rec.temp#3	new[slistlib.Empty]#11
slistlib.Empty.get.this	new[slistlib.Empty]#1
slistlib.Main.main.deserialize.temp	new[slistlib.Cons]#10
slistlib.Cons.head.this	new[slistlib.Cons]#10
slistlib.SimpleList.reverse.rec.temp#3	new[slistlib.Cons]#10
slistlib.SimpleList.take.this	new[slistlib.Empty]#6
slistlib.Printable.<init>.this	new[slistlib.Cons]#10
slistlib.Main.main.display.temp#3	new[slistlib.IntWrap]#7
slistlib.SimpleList.slice.temp#2	new[slistlib.Empty]#1
slistlib.Printable.<init>.this	new[slistlib.Empty]#6
slistlib.Cons.<init>.first	new[slistlib.IntWrap]#3
slistlib.Main.main.elt	new[slistlib.IntWrap]#4
slistlib.Cons.first	new[slistlib.IntWrap]#5
slistlib.Cons.cons	new[slistlib.Empty]#1
slistlib.IntWrap.<init>.this	new[slistlib.IntWrap]#4
slistlib.Main.main.rng	new[slistlib.Cons]#10
slistlib.SimpleList.serialize.temp	new[slistlib.StringWrap]#13
slistlib.SimpleList.reverse.temp#1	new[slistlib.Empty]#6
slistlib.SimpleList.slice.temp#2	new[slistlib.Empty]#12
slistlib.SimpleList.take.elem$3	new[slistlib.IntWrap]#7
slistlib.Cons.<init>.first	new[slistlib.IntWrap]#9
slistlib.SimpleList.reverse.temp#1	new[slistlib.Empty]#1
slistlib.StringWrap.<init>.this	new[slistlib.StringWrap]#13
slistlib.SimpleList.reverse.elem$2	new[slistlib.IntWrap]#7
slistlib.SimpleList.take.elem$3	new[slistlib.IntWrap]#9
slistlib.Main.main.display.temp#3	new[slistlib.IntWrap]#2
slistlib.SimpleList.reverse.temp#1	new[slistlib.Empty]#8
slistlib.Main.main.deserialize.input	new[slistlib.StringWrap]#13
slistlib.SimpleList.serialize.this	new[slistlib.Cons]#10
slistlib.SimpleList.reverse.rec.elem$1	new[slistlib.IntWrap]#7
slistlib.Cons.cons	new[slistlib.Empty]#8
slistlib.Cons.first	new[slistlib.IntWrap]#9
slistlib.Printable.<init>.this	new[slistlib.Empty]#8
slistlib.Empty.head.this	new[slistlib.Empty]#12
slistlib.Main.main.sl	new[slistlib.Empty]#12
slistlib.SimpleList.reverse.this	new[slistlib.Cons]#10
slistlib.SimpleList.reverse.rec.temp#3	new[slistlib.Empty]#6
slistlib.Main.main.temp#4	new[slistlib.Empty]#1
slistlib.SimpleList.reverse.rec.remaining	new[slistlib.Empty]#8
slistlib.SimpleList.::.elem	new[slistlib.IntWrap]#3
slistlib.Main.main.display.l	new[slistlib.Cons]#10
slistlib.SimpleList.take.temp#2	new[slistlib.Cons]#10
slistlib.Cons.<init>.first	new[slistlib.IntWrap]#7
slistlib.Main.main.DESERIALIZED_VAR	new[slistlib.Empty]#6
slistlib.Main.main.elt	new[slistlib.IntWrap]#3
slistlib.SimpleList.serialize.temp#3	new[slistlib.IntWrap]#4
slistlib.Empty.get.this	new[slistlib.Empty]#11
slistlib.SimpleList.reverse.rec.temp#3	new[slistlib.Empty]#12
slistlib.SimpleList.take.elem$3	new[slistlib.IntWrap]#2
slistlib.Cons.first	new[slistlib.IntWrap]#4
slistlib.Main.main.deserialize.build	new[slistlib.Cons]#10
slistlib.Empty.size.this	new[slistlib.Empty]#12
slistlib.Main.main.elt	new[slistlib.IntWrap]#7
slistlib.Main.main.range.build	new[slistlib.Cons]#10
slistlib.SimpleList.slice.temp#2	new[slistlib.Cons]#10
slistlib.Empty.tail.this	new[slistlib.Empty]#6
slistlib.Main.main.elt	new[slistlib.IntWrap]#9
slistlib.Cons.<init>.this	new[slistlib.Cons]#10
slistlib.SimpleList.take.this	new[slistlib.Empty]#11
slistlib.Cons.first	new[slistlib.IntWrap]#3
slistlib.Cons.cons	new[slistlib.Empty]#11
slistlib.Cons.get.temp	new[slistlib.IntWrap]#3
slistlib.SimpleList.::.elem	new[slistlib.IntWrap]#5
slistlib.Empty.tail.this	new[slistlib.Empty]#12
slistlib.SimpleList.slice.temp#2	new[slistlib.Empty]#6
slistlib.SimpleList.slice.this	new[slistlib.Cons]#10
slistlib.Main.main.deserialize.elem$4	new[slistlib.IntWrap]#7
slistlib.SimpleList.serialize.temp#3	new[slistlib.IntWrap]#3
slistlib.Cons.<init>.cons	new[slistlib.Empty]#6
slistlib.Main.main.deserialize.build	new[slistlib.Empty]#6
slistlib.IntWrap.<init>.this	new[slistlib.IntWrap]#2
slistlib.Main.main.range.temp	new[slistlib.Cons]#10
slistlib.SimpleList.::.temp	new[slistlib.Cons]#10
slistlib.Cons.<init>.first	new[slistlib.IntWrap]#4
slistlib.SimpleList.reverse.rec.elem$1	new[slistlib.IntWrap]#9
slistlib.SimpleList.reverse.elem$2	new[slistlib.IntWrap]#2
slistlib.Empty.head.this	new[slistlib.Empty]#6
slistlib.Cons.get.temp	new[slistlib.IntWrap]#9
slistlib.SimpleList.reverse.this	new[slistlib.Empty]#8
slistlib.SimpleList.slice.temp#2	new[slistlib.Empty]#8
slistlib.SimpleList.::.elem	new[slistlib.IntWrap]#4
slistlib.Main.main.temp#11	new[slistlib.IntWrap]#5
slistlib.SimpleList.reverse.rec.temp	new[slistlib.Cons]#10
slistlib.Main.main.intermediateInputVar1	new[slistlib.Cons]#10
slistlib.Empty.tail.this	new[slistlib.Empty]#8
slistlib.SimpleList.reverse.rec.elem$1	new[slistlib.IntWrap]#5
slistlib.SimpleList.take.this	new[slistlib.Cons]#10
slistlib.SimpleList.slice.this	new[slistlib.Empty]#11
slistlib.SimpleList.take.this	new[slistlib.Empty]#1
slistlib.Cons.<init>.first	new[slistlib.IntWrap]#2
slistlib.SimpleList.serialize.temp#3	new[slistlib.IntWrap]#7
slistlib.Main.main.display.l	new[slistlib.Empty]#6
slistlib.IntWrap.<init>.this	new[slistlib.IntWrap]#9
slistlib.SimpleList.reverse.temp#2	new[slistlib.Cons]#10
slistlib.Empty.get.this	new[slistlib.Empty]#8
slistlib.Main.main.temp#7	new[slistlib.IntWrap]#3
slistlib.Main.main.OUTPUT_VAR	new[slistlib.Cons]#10
slistlib.SimpleList.slice.this	new[slistlib.Empty]#6
slistlib.Main.main.range.build	new[slistlib.Empty]#8
slistlib.IntWrap.<init>.this	new[slistlib.IntWrap]#3
slistlib.SimpleList.::.this	new[slistlib.Cons]#10
slistlib.SimpleList.reverse.elem$2	new[slistlib.IntWrap]#9
slistlib.SimpleList.reverse.rec.temp#4	new[slistlib.Cons]#10
slistlib.SimpleList.take.temp#2	new[slistlib.Empty]#12
slistlib.Main.main.display.temp#3	new[slistlib.IntWrap]#4
slistlib.Cons.get.temp	new[slistlib.IntWrap]#4
slistlib.Main.main.temp#2	new[slistlib.Cons]#10
slistlib.Main.main.intermediateDeserializedVar	new[slistlib.Empty]#6
slistlib.SimpleList.serialize.temp#3	new[slistlib.IntWrap]#5
slistlib.Main.main.intermediateDeserializedVar	new[slistlib.Cons]#10
slistlib.SimpleList.take.temp#3	new[slistlib.Empty]#1
slistlib.Main.main.display.temp#3	new[slistlib.IntWrap]#3
slistlib.Cons.get.temp	new[slistlib.IntWrap]#5
slistlib.SimpleList.<init>.this	new[slistlib.Empty]#11
slistlib.Main.main.range.elem$5	new[slistlib.IntWrap]#9
slistlib.Empty.<init>.this	new[slistlib.Empty]#12
slistlib.SimpleList.take.temp	new[slistlib.Cons]#10
slistlib.Empty.<init>.this	new[slistlib.Empty]#8
slistlib.SimpleList.<init>.this	new[slistlib.Empty]#8
slistlib.Main.main.temp#9	new[slistlib.IntWrap]#4
slistlib.Main.main.OUTPUT_VAR	new[slistlib.Empty]#6
slistlib.SimpleList.take.temp	new[slistlib.Empty]#12
slistlib.SimpleList.take.this	new[slistlib.Empty]#12
slistlib.Cons.tail.this	new[slistlib.Cons]#10
slistlib.SimpleList.reverse.temp	new[slistlib.Cons]#10
slistlib.Main.main.deserialize.temp	new[slistlib.Empty]#6
slistlib.Empty.tail.this	new[slistlib.Empty]#1
slistlib.Main.main.intermediateSerializedVar2	new[slistlib.StringWrap]#13
slistlib.SimpleList.<init>.this	new[slistlib.Empty]#6
slistlib.Cons.get.this	new[slistlib.Cons]#10
slistlib.SimpleList.reverse.rec.elem$1	new[slistlib.IntWrap]#4
slistlib.Cons.get.temp	new[slistlib.IntWrap]#7
slistlib.SimpleList.take.temp#3	new[slistlib.Empty]#6
slistlib.SimpleList.slice.temp#2	new[slistlib.Empty]#11
slistlib.Empty.tail.this	new[slistlib.Empty]#11
slistlib.Empty.size.this	new[slistlib.Empty]#11
slistlib.SimpleList.take.temp#3	new[slistlib.Empty]#8
slistlib.Main.main.DESERIALIZED_VAR	new[slistlib.Cons]#10
slistlib.SimpleList.serialize.temp#3	new[slistlib.IntWrap]#2
slistlib.SimpleList.take.temp#3	new[slistlib.Empty]#12
slistlib.Cons.cons	new[slistlib.Cons]#10
slistlib.SimpleList.slice.this	new[slistlib.Empty]#1
slistlib.SimpleList.reverse.rec.acc	new[slistlib.Cons]#10
slistlib.SimpleList.slice.temp	new[slistlib.Cons]#10
slistlib.Printable.<init>.this	new[slistlib.Empty]#11
slistlib.SimpleList.reverse.elem$2	new[slistlib.IntWrap]#3
slistlib.SimpleList.take.this	new[slistlib.Empty]#8
slistlib.SimpleList.take.elem$3	new[slistlib.IntWrap]#5
slistlib.Cons.<init>.cons	new[slistlib.Cons]#10
slistlib.Empty.get.this	new[slistlib.Empty]#6
slistlib.Empty.<init>.this	new[slistlib.Empty]#1
