String	String
a	b
b	c
c	d
d	e
e	f
f	g
a	c
b	d
c	e
d	f
e	g
a	d
b	e
c	f
d	g
a	e
b	f
c	g
a	f
b	g
a	g
