String	String
adam	eng
pete	his
pete	eng
scott	his
scott	lp
tony	his
