String	String
slistlib.Main.main.desrialized	slistlib.Main.main.input
