String	String
claudette	ann
jeannette	bill
mireille	john
