String
slistlib.SimpleList.take.temp#3
slistlib.SimpleList.reverse.temp#2
slistlib.Main.main.sl
slistlib.Cons.get.this
slistlib.SimpleList.slice.this
slistlib.Cons.tail.this
slistlib.SimpleList.take.temp
slistlib.Main.main.temp#2
slistlib.Main.main.rng
slistlib.Printable.<init>.this
slistlib.SimpleList.take.this
slistlib.SimpleList.reverse.this
slistlib.Cons.size.this
slistlib.SimpleList.reverse.rec.temp#4
slistlib.SimpleList.reverse.temp#1
slistlib.Cons.head.this
slistlib.SimpleList.take.temp#2
slistlib.Main.main.INT_OUTPUT_1
slistlib.Main.main.INPUT_VAR
slistlib.Main.main.serialize.input
slistlib.SimpleList.reverse.rec.acc
slistlib.SimpleList.<init>.this
slistlib.Cons.<init>.cons
slistlib.SimpleList.slice.temp#2
slistlib.Main.main.INT_OUTPUT_2
slistlib.Main.main.OUTPUT_VAR
slistlib.Main.main.range.temp
slistlib.Main.main.deserialize.build
slistlib.Main.main.display.l
slistlib.Main.main.INT_INPUT_1
slistlib.SimpleList.slice.temp
slistlib.SimpleList.reverse.rec.temp
slistlib.Cons.cons
slistlib.SimpleList.reverse.temp
slistlib.Cons.<init>.this
slistlib.SimpleList.::.this
slistlib.Main.main.INT_INPUT_2
slistlib.SimpleList.::.temp
slistlib.Main.main.deserialize.temp
slistlib.Main.main.range.build
slistlib.Main.main.temp#3
slistlib.SimpleList.reverse.rec.remaining
slistlib.Main.main.temp#1
slistlib.SimpleList.reverse.rec.temp#3
