String	String
slistlib.Main.main.OUTPUT_VAR	slistlib.Main.main.INPUT_VAR
