String	String
0	0
1	1
10	1
11	2
12	0
13	2
14	2
15	1
16	0
17	1
18	1
19	2
2	1
20	0
3	2
4	0
5	2
6	2
7	1
8	0
9	1
