String	String
a	a
b	a
b	b
c	a
c	b
c	c
d	a
d	b
d	c
d	d
