String	String
v83	v83
v83	h3
v83	h7
v83	h12
v83	h14
v83	h19
v83	h38
v83	h41
v83	h51
v83	h73
v83	h89
v83	h90
v83	h99
h0	h0
h0	v86
h0	h2
h0	h3
h0	h9
h0	h11
h0	h12
h0	h13
h0	v63
h0	h14
h0	h18
h0	h19
h0	h20
h0	h22
h0	v29
h0	h25
h0	h28
h0	h29
h0	h30
h0	h31
h0	h35
h0	h36
h0	h37
h0	h40
h0	h43
h0	h46
h0	v24
h0	h48
h0	h49
h0	h50
h0	h53
h0	h54
h0	h57
h0	h59
h0	h62
h0	h68
h0	h69
h0	h71
h0	h72
h0	v45
h0	h74
h0	h76
h0	v50
h0	h81
h0	h82
h0	h83
h0	h84
h0	h85
h0	v3
h0	h86
h0	h87
h0	h91
h0	h92
h0	h93
h0	v39
h0	v12
h0	h95
h0	h96
h0	h98
h0	h99
v86	h0
v86	v86
v86	h2
v86	h12
v86	h14
v86	h18
v86	h29
v86	h30
v86	h40
v86	h53
v86	h69
v86	h71
v86	h83
v86	h85
v86	h99
h1	h1
h1	h6
h1	v59
h1	h17
h1	h18
h1	h28
h1	v56
h1	h43
h1	h44
h1	h57
h1	h60
h1	h77
h1	h79
h1	h81
h1	h85
h1	h90
h1	h97
h1	h98
v77	v77
v77	h9
v77	h35
v77	h62
v77	h87
v77	h90
v77	h96
h2	h0
h2	v86
h2	h2
h2	h3
h2	h10
h2	h12
h2	h13
h2	h14
h2	h17
h2	h18
h2	v29
h2	h28
h2	h29
h2	h30
h2	v2
h2	h31
h2	h36
h2	h37
h2	h40
h2	h43
h2	h46
h2	h49
h2	h53
h2	h69
h2	h71
h2	h74
h2	h76
h2	h83
h2	h85
h2	h94
h2	h99
v15	v15
v15	h21
v15	h40
v15	h49
v15	h52
v15	h57
v15	h84
v15	h86
v15	h95
v15	h96
h3	v83
h3	h0
h3	h2
h3	h3
h3	h5
h3	h7
h3	h9
h3	v90
h3	h12
h3	h13
h3	h14
h3	h19
h3	v29
h3	h23
h3	h24
h3	h31
h3	h36
h3	h38
h3	h39
h3	h41
h3	h43
h3	h46
h3	h47
h3	h49
h3	h51
h3	h53
h3	h73
h3	h76
h3	h82
h3	h89
h3	h90
h3	h92
h3	h99
v93	v93
v93	h13
v93	h18
v93	h24
v93	h57
v93	h68
v93	h78
v93	h85
v93	h86
h4	h4
h4	h5
h4	h8
h4	v27
h4	h11
h4	h12
h4	h13
h4	h14
h4	h15
h4	v40
h4	h18
h4	h19
h4	h20
h4	h21
h4	v67
h4	h23
h4	h26
h4	h28
h4	h29
h4	h33
h4	h34
h4	h36
h4	h37
h4	h39
h4	v73
h4	h41
h4	h43
h4	h44
h4	h45
h4	h46
h4	h47
h4	h49
h4	h50
h4	h52
h4	h54
h4	h56
h4	v25
h4	h61
h4	h62
h4	h64
h4	h65
h4	h67
h4	v57
h4	h70
h4	h72
h4	h73
h4	h74
h4	h75
h4	h77
h4	v43
h4	h79
h4	h81
h4	h82
h4	h83
h4	h84
h4	v54
h4	h90
h4	v60
h4	h93
h4	h94
h4	h95
h4	h96
h4	h97
h4	h98
v35	v35
v35	h21
v35	h32
v35	h37
v35	h48
v35	h52
v35	h68
v35	h77
v35	h87
v35	h95
h5	h3
h5	h4
h5	h5
h5	h7
h5	h8
h5	h9
h5	v90
h5	h12
h5	h13
h5	h15
h5	h16
h5	v11
h5	v68
h5	h21
h5	v67
h5	h22
h5	h23
h5	h24
h5	h26
h5	h27
h5	h28
h5	h29
h5	h31
h5	h33
h5	v69
h5	h35
h5	h36
h5	h37
h5	h39
h5	h40
h5	v37
h5	h46
h5	h47
h5	h51
h5	h52
h5	h53
h5	h57
h5	h59
h5	h62
h5	h64
h5	h67
h5	h69
h5	h73
h5	h77
h5	h82
h5	h85
h5	v51
h5	h87
h5	h89
h5	h90
h5	h92
h5	h93
h5	h96
h5	h97
h6	h1
h6	h6
h6	h11
h6	v59
h6	h13
h6	h17
h6	h18
h6	h19
h6	h22
h6	h23
h6	h28
h6	h30
h6	h32
h6	h34
h6	h44
h6	h47
h6	h57
h6	v81
h6	h60
h6	h61
h6	h65
h6	h73
h6	h77
h6	v87
h6	h81
h6	h85
h6	h87
h6	h93
h6	h98
h6	h99
v92	v92
v92	h15
v92	h17
v92	h32
v92	h52
v92	h86
h7	v83
h7	h3
h7	h5
h7	h7
h7	h12
h7	h14
h7	h16
h7	h19
h7	h21
h7	h31
h7	h33
h7	h35
h7	h36
h7	h37
h7	h38
h7	h39
h7	h41
h7	v98
h7	h49
h7	h51
h7	h58
h7	h73
h7	v34
h7	h83
h7	h84
h7	v51
h7	h88
h7	h89
h7	h90
h7	h91
h7	h95
h7	h97
h7	h99
v49	v49
v49	h10
v49	h44
v49	h51
v49	h96
v49	h99
h8	h4
h8	h5
h8	h8
h8	h15
h8	v40
h8	h20
h8	v68
h8	h21
h8	h26
h8	h28
h8	h31
h8	h39
h8	h40
h8	h41
h8	h45
h8	h54
h8	v46
h8	h68
h8	h83
h8	h84
h8	h87
h8	h88
h8	h90
h8	h93
v21	v21
v21	h10
v21	h22
v21	h37
v21	h42
v21	h58
v21	h60
v21	h70
v21	h93
h9	h0
h9	v77
h9	h3
h9	h5
h9	h9
h9	v90
h9	h12
h9	h13
h9	h19
h9	h22
h9	h23
h9	h24
h9	h28
h9	h35
h9	h36
h9	h39
h9	v24
h9	h47
h9	h53
h9	h57
h9	h59
h9	h62
h9	h67
h9	h72
h9	h82
h9	v78
h9	h87
h9	h89
h9	h90
h9	h92
h9	h96
v62	v62
v62	h12
v62	h62
v62	h82
v62	h89
h10	h2
h10	v49
h10	v21
h10	h10
h10	h13
h10	h15
h10	h17
h10	h22
h10	h27
h10	h28
h10	v2
h10	h31
h10	h33
h10	h37
h10	h38
h10	h40
h10	h42
h10	v19
h10	h43
h10	h44
h10	h47
h10	h51
h10	v91
h10	h53
h10	h57
h10	h58
h10	h60
h10	h70
h10	h74
h10	h89
h10	h93
h10	h94
h10	h96
h10	h99
v27	h4
v27	v27
v27	h12
v27	h34
v27	h50
v27	h67
v27	h82
v27	h94
h11	h0
h11	h4
h11	h6
h11	h11
h11	h13
h11	h15
h11	h19
h11	h23
h11	h25
h11	h30
h11	v22
h11	h37
h11	v73
h11	h43
h11	h47
h11	h49
h11	h54
h11	v81
h11	h59
h11	h60
h11	h61
h11	h64
h11	h65
h11	h69
h11	h71
h11	h74
h11	h81
h11	h83
h11	h87
h11	h92
h11	h93
h11	v39
h11	h96
h11	h99
v90	h3
v90	h5
v90	h9
v90	v90
v90	h12
v90	h13
v90	h23
v90	h24
v90	h36
v90	h39
v90	h47
v90	h53
v90	h82
v90	h89
v90	h92
h12	v83
h12	h0
h12	v86
h12	h2
h12	h3
h12	h4
h12	h5
h12	h7
h12	h9
h12	v62
h12	v27
h12	v90
h12	h12
h12	h13
h12	h14
h12	h18
h12	h19
h12	h20
h12	h23
h12	h24
h12	h29
h12	h30
h12	v58
h12	h34
h12	h36
h12	h38
h12	h39
h12	h40
h12	h41
h12	h47
h12	h50
h12	h51
h12	h53
h12	h62
h12	h67
h12	h69
h12	h70
h12	h71
h12	h73
h12	h77
h12	h82
h12	h83
h12	h85
h12	h89
h12	h90
h12	h92
h12	h94
h12	h99
v59	h1
v59	h6
v59	v59
v59	h17
v59	h18
v59	h28
v59	h44
v59	h57
v59	h77
v59	h85
v59	h98
h13	h0
h13	h2
h13	h3
h13	v93
h13	h4
h13	h5
h13	h6
h13	h9
h13	h10
h13	h11
h13	v90
h13	h12
h13	h13
h13	v63
h13	h15
h13	h16
h13	h17
h13	h18
h13	h19
h13	h20
h13	h22
h13	h23
h13	h24
h13	h28
h13	h30
h13	v2
h13	h31
h13	h35
h13	h36
h13	h37
h13	h39
h13	v73
h13	h47
h13	h53
h13	h57
h13	v81
h13	h60
h13	h61
h13	h64
h13	h65
h13	h68
h13	h73
h13	h74
h13	h78
h13	h81
h13	h82
h13	h85
h13	h86
h13	h87
h13	h89
h13	h91
h13	h92
h13	h93
h13	h94
h13	v94
h13	h98
h13	h99
v63	h0
v63	h13
v63	v63
v63	h18
v63	h22
v63	h35
v63	h87
v63	h91
v63	h98
v63	h99
h14	v83
h14	h0
h14	v86
h14	h2
h14	h3
h14	h4
h14	h7
h14	h12
h14	h14
h14	h18
h14	h19
h14	h29
h14	h30
h14	h36
h14	h38
h14	h40
h14	h41
h14	h49
h14	h50
h14	h51
h14	h53
h14	h54
h14	h62
h14	h65
h14	v57
h14	h69
h14	h71
h14	h73
h14	h74
h14	h81
h14	h82
h14	h83
h14	h85
h14	h89
h14	h90
h14	v60
h14	h93
h14	h94
h14	h99
v26	v26
v26	h18
v26	h22
v26	h24
v26	h48
v26	h63
v26	h69
v26	h92
h15	h4
h15	h5
h15	v92
h15	h8
h15	h10
h15	h11
h15	h13
h15	h15
h15	h17
h15	v68
h15	h28
h15	h31
h15	h32
h15	h33
h15	h40
h15	v73
h15	v19
h15	h43
h15	h44
h15	h52
h15	h56
h15	v25
h15	h64
h15	h70
h15	h72
h15	h79
h15	h81
h15	h86
h15	h87
h15	h89
h15	h90
h15	h93
h15	h95
h15	h96
h15	h97
v40	h4
v40	h8
v40	v40
v40	h20
v40	h21
v40	h39
v40	h41
v40	h45
v40	h54
v40	h83
v40	h84
v40	h90
h16	h5
h16	h7
h16	h13
h16	h16
h16	v72
h16	h20
h16	h21
h16	h26
h16	h31
h16	h32
h16	h33
h16	h35
h16	h36
h16	h37
h16	v42
h16	h39
h16	h41
h16	h46
h16	h47
h16	h50
h16	h51
h16	h52
h16	h54
h16	h58
h16	h59
h16	h60
h16	h69
h16	h70
h16	h72
h16	h73
h16	h74
h16	v34
h16	h79
h16	v76
h16	h83
h16	v51
h16	h89
h16	h90
h16	h91
h16	h97
h16	v94
h16	h98
h16	h99
h17	h1
h17	h2
h17	h6
h17	v92
h17	h10
h17	v59
h17	h13
h17	h15
h17	h17
h17	h18
h17	h21
h17	h22
h17	v82
h17	h24
h17	h28
h17	v2
h17	h31
h17	h32
h17	h34
h17	h37
h17	h40
h17	h42
h17	v84
h17	h44
h17	h52
h17	h56
h17	h57
h17	h62
h17	h65
h17	h72
h17	h74
h17	h76
h17	h77
h17	h79
h17	h85
h17	h86
h17	v99
h17	h92
h17	h93
h17	h94
h17	h98
h17	h99
v72	h16
v72	v72
v72	h21
v72	h26
v72	h37
v72	h41
v72	h46
v72	h59
v72	h72
v72	h73
v72	h74
v72	h91
v72	h98
h18	h0
h18	v86
h18	h1
h18	h2
h18	v93
h18	h4
h18	h6
h18	h12
h18	v59
h18	h13
h18	v63
h18	h14
h18	v26
h18	h17
h18	h18
h18	h22
h18	h24
h18	h26
h18	v23
h18	h28
h18	h29
h18	h30
h18	h31
h18	h35
h18	h36
h18	h38
h18	h40
h18	h41
h18	h44
h18	h48
h18	h49
h18	h50
h18	h51
h18	v80
h18	h53
h18	h57
h18	h62
h18	h63
h18	h68
h18	h69
h18	h71
h18	h77
h18	h78
h18	h81
h18	h82
h18	h83
h18	h85
h18	h86
h18	h87
h18	v60
h18	h91
h18	h92
h18	h94
h18	h98
h18	h99
v36	v36
v36	h32
v36	h44
v36	h52
v36	h63
v36	h70
v36	h93
h19	v83
h19	h0
h19	h3
h19	h4
h19	h6
h19	h7
h19	h9
h19	h11
h19	h12
h19	h13
h19	h14
h19	h19
h19	h22
h19	h23
h19	h28
h19	h30
h19	h37
h19	h38
h19	h39
h19	h41
h19	h46
h19	v24
h19	h47
h19	h51
h19	h54
h19	v81
h19	h59
h19	h60
h19	h61
h19	h62
h19	h65
h19	v57
h19	h70
h19	h72
h19	h73
h19	h74
h19	v43
h19	h81
h19	h82
h19	h87
h19	h89
h19	h90
h19	h93
h19	h94
h19	h95
h19	h98
h19	h99
v11	h5
v11	v11
v11	h22
v11	h23
v11	h27
v11	h28
v11	h40
v11	h57
v11	h67
v11	h69
v11	h85
h20	h0
h20	h4
h20	h8
h20	h12
h20	h13
h20	v40
h20	h16
h20	h20
h20	h21
h20	h24
h20	h25
h20	h30
h20	v58
h20	h35
h20	h36
h20	h39
h20	h41
h20	h43
h20	h45
h20	h53
h20	h54
h20	v5
h20	h60
h20	h63
h20	h66
h20	h70
h20	h73
h20	h77
h20	h83
h20	h84
h20	h85
h20	v3
h20	h86
h20	h90
h20	v94
v68	h5
v68	h8
v68	h15
v68	v68
v68	h28
v68	h31
v68	h40
v68	h87
v68	h90
v68	h93
h21	v15
h21	h4
h21	v35
h21	h5
h21	h7
h21	h8
h21	v40
h21	h16
h21	h17
h21	v72
h21	h20
h21	h21
h21	h22
h21	v82
h21	h24
h21	h26
h21	h31
h21	h32
h21	h33
h21	h34
h21	h35
h21	h37
h21	h39
h21	h40
h21	h41
h21	h42
h21	h43
h21	h44
h21	h45
h21	h46
h21	h48
h21	v70
h21	h49
h21	h51
h21	h52
h21	h54
h21	h57
h21	h58
h21	h59
h21	v5
h21	h62
h21	h63
h21	h65
h21	h66
h21	h68
h21	h72
h21	h73
h21	h74
h21	v34
h21	h76
h21	v64
h21	h77
h21	h79
h21	h83
h21	h84
h21	h85
h21	h86
h21	v51
h21	h87
h21	v99
h21	h89
h21	h90
h21	h91
h21	h94
h21	h95
h21	h96
h21	h97
h21	h98
h21	h99
v67	h4
v67	h5
v67	v67
v67	h29
v67	h47
v67	h64
v67	h77
h22	h0
h22	h5
h22	h6
h22	v21
h22	h9
h22	h10
h22	h13
h22	v63
h22	v26
h22	h17
h22	h18
h22	h19
h22	v11
h22	h21
h22	h22
h22	h23
h22	v82
h22	h24
h22	h27
h22	h28
h22	h32
h22	h34
h22	h35
h22	h37
h22	h40
h22	h42
h22	h44
h22	v24
h22	h48
h22	h57
h22	h58
h22	h59
h22	h60
h22	h63
h22	h65
h22	h67
h22	h69
h22	h70
h22	h72
h22	h73
h22	h77
h22	v87
h22	h82
h22	h85
h22	h87
h22	h91
h22	h92
h22	h93
h22	h98
h22	h99
v29	h0
v29	h2
v29	h3
v29	v29
v29	h31
v29	h36
v29	h43
v29	h46
v29	h49
v29	h76
h23	h3
h23	h4
h23	h5
h23	h6
h23	h9
h23	h11
h23	v90
h23	h12
h23	h13
h23	h19
h23	v11
h23	h22
h23	h23
h23	h24
h23	h26
h23	h27
h23	h28
h23	h30
h23	h36
h23	h39
h23	h40
h23	h47
h23	h50
h23	h53
h23	h57
h23	v81
h23	h60
h23	h61
h23	h65
h23	h67
h23	h69
h23	h75
h23	h81
h23	h82
h23	h85
h23	h87
h23	v54
h23	h89
h23	h92
h23	h93
h23	h99
v82	h17
v82	h21
v82	h22
v82	v82
v82	h42
v82	h44
v82	h65
v82	h99
h24	h3
h24	v93
h24	h5
h24	h9
h24	v90
h24	h12
h24	h13
h24	v26
h24	h17
h24	h18
h24	h20
h24	h21
h24	h22
h24	h23
h24	h24
h24	h30
h24	v58
h24	h34
h24	h36
h24	h39
h24	h40
h24	h42
h24	h47
h24	h48
h24	h53
h24	h57
h24	v96
h24	h59
h24	h62
h24	h63
h24	h68
h24	h69
h24	h70
h24	h72
h24	h73
h24	h75
h24	v64
h24	h77
h24	h78
h24	h79
h24	h82
h24	h85
h24	h86
h24	v99
h24	h89
h24	h90
h24	h92
h24	h97
v30	v30
v30	h29
v30	h33
v30	h39
v30	h63
v30	h67
v30	h73
v30	h78
v30	h86
v30	h90
v30	h93
v30	h98
h25	h0
h25	h11
h25	h20
h25	h25
h25	h35
h25	h36
h25	h37
h25	h43
h25	h49
h25	h53
h25	h54
h25	h57
h25	h59
h25	h62
h25	h68
h25	h69
h25	h74
h25	v50
h25	h81
h25	h84
h25	h85
h25	v3
h25	h86
h25	h87
h25	h93
h25	v39
h25	h96
h26	h4
h26	h5
h26	h8
h26	h16
h26	v72
h26	h18
h26	h21
h26	h23
h26	h26
h26	h29
h26	h31
h26	h33
h26	v69
h26	h37
h26	h38
h26	h41
h26	h43
h26	h46
h26	v13
h26	h50
h26	h52
h26	v80
h26	h59
h26	h61
h26	h64
h26	h65
h26	v46
h26	h67
h26	h68
h26	h69
h26	v95
h26	h71
h26	h72
h26	h73
h26	v14
h26	h74
h26	h75
h26	h76
h26	h77
h26	h79
h26	h82
h26	h85
h26	h86
h26	h87
h26	v54
h26	h88
h26	h89
h26	h91
h26	h94
h26	h96
h26	h98
v23	h18
v23	v23
v23	h38
v23	h51
v23	h87
h27	h5
h27	h10
h27	v11
h27	h22
h27	h23
h27	h27
h27	h28
h27	h38
h27	h40
h27	h47
h27	v91
h27	h53
h27	h57
h27	h67
h27	h69
h27	h85
h28	h0
h28	h1
h28	h2
h28	h4
h28	h5
h28	h6
h28	h8
h28	h9
h28	h10
h28	v59
h28	h13
h28	h15
h28	h17
h28	h18
h28	h19
h28	v11
h28	v68
h28	h22
h28	h23
h28	h27
h28	h28
h28	v2
h28	h31
h28	h33
h28	h37
h28	h40
h28	h43
h28	v84
h28	h44
h28	v24
h28	h52
h28	h56
h28	h57
h28	h59
h28	v25
h28	h67
h28	h69
h28	h72
h28	h74
h28	h76
h28	h77
h28	h79
h28	h81
h28	h82
h28	h85
h28	h87
h28	h90
h28	h92
h28	h93
h28	h94
h28	h95
h28	h96
h28	h97
h28	h98
h29	h0
h29	v86
h29	h2
h29	h4
h29	h5
h29	h12
h29	h14
h29	h18
h29	v67
h29	v30
h29	h26
h29	h29
h29	h30
h29	h33
h29	h39
h29	h40
h29	h43
h29	h47
h29	h53
h29	h63
h29	h64
h29	h67
h29	h69
h29	v95
h29	h71
h29	h73
h29	h76
h29	h77
h29	h78
h29	h83
h29	h85
h29	h86
h29	h90
h29	h93
h29	h98
h29	h99
h30	h0
h30	v86
h30	h2
h30	h6
h30	h11
h30	h12
h30	h13
h30	h14
h30	h18
h30	h19
h30	h20
h30	h23
h30	h24
h30	h29
h30	h30
h30	v58
h30	h40
h30	h47
h30	h53
h30	v81
h30	h60
h30	h61
h30	h65
h30	h69
h30	h70
h30	h71
h30	h73
h30	h77
h30	h81
h30	h83
h30	h85
h30	h87
h30	h93
h30	h99
v2	h2
v2	h10
v2	h13
v2	h17
v2	h28
v2	v2
v2	h31
v2	h37
v2	h74
v2	h94
h31	h0
h31	h2
h31	h3
h31	h5
h31	h7
h31	h8
h31	h10
h31	h13
h31	h15
h31	h16
h31	h17
h31	h18
h31	v68
h31	h21
h31	v29
h31	h26
h31	h28
h31	v2
h31	h31
h31	h33
h31	h35
h31	h36
h31	h37
h31	h39
h31	h40
h31	h41
h31	v19
h31	h43
h31	h46
h31	h48
h31	h49
h31	h50
h31	h51
h31	v80
h31	h70
h31	h74
h31	h76
h31	h86
h31	v51
h31	h87
h31	h89
h31	h90
h31	h92
h31	h93
h31	h94
h31	v12
h31	h97
h31	h98
v22	h11
v22	v22
v22	h47
v22	h54
v22	h71
v22	h81
v22	h83
v22	h92
h32	v35
h32	h6
h32	v92
h32	h15
h32	h16
h32	h17
h32	v36
h32	h21
h32	h22
h32	h32
h32	h34
h32	h36
h32	h37
h32	v42
h32	h44
h32	h48
h32	h52
h32	h54
h32	h57
h32	h60
h32	h63
h32	h68
h32	h70
h32	h73
h32	h77
h32	h79
h32	v87
h32	h86
h32	h87
h32	h93
h32	h95
h32	h98
h32	h99
v58	h12
v58	h20
v58	h24
v58	h30
v58	v58
v58	h70
v58	h73
v58	h77
h33	h4
h33	h5
h33	h7
h33	h10
h33	h15
h33	h16
h33	h21
h33	v30
h33	h26
h33	h28
h33	h29
h33	h31
h33	h33
h33	h35
h33	h39
h33	h40
h33	v19
h33	h43
h33	h44
h33	v37
h33	v13
h33	h52
h33	h56
h33	h58
h33	h59
h33	v25
h33	h61
h33	h62
h33	h63
h33	h67
h33	h70
h33	h72
h33	h73
h33	v34
h33	h78
h33	h79
h33	h81
h33	h83
h33	h86
h33	h87
h33	h89
h33	h90
h33	h91
h33	h93
h33	h95
h33	h96
h33	h97
h33	h98
v69	h5
v69	h26
v69	v69
v69	h46
v69	h52
v69	h73
v69	h89
v69	h96
h34	h4
h34	h6
h34	v27
h34	h12
h34	h17
h34	h21
h34	h22
h34	h24
h34	h32
h34	h34
h34	h37
h34	h40
h34	v70
h34	h50
h34	h51
h34	h53
h34	h57
h34	h58
h34	h61
h34	h62
h34	h67
h34	h69
h34	h72
h34	h73
h34	h76
h34	h77
h34	h79
h34	v87
h34	v8
h34	h82
h34	v99
h34	v32
h34	h90
h34	h94
h34	h95
h34	h97
h34	h99
h35	h0
h35	v77
h35	h5
h35	h7
h35	h9
h35	h13
h35	v63
h35	h16
h35	h18
h35	h20
h35	h21
h35	h22
h35	h25
h35	h31
h35	h33
h35	h35
h35	h37
h35	h39
h35	v37
h35	h51
h35	h53
h35	h59
h35	h62
h35	h85
h35	v3
h35	h86
h35	v51
h35	h87
h35	h89
h35	h90
h35	h91
h35	h96
h35	h97
h35	h98
h35	h99
h36	h0
h36	h2
h36	h3
h36	h4
h36	h5
h36	h7
h36	h9
h36	v90
h36	h12
h36	h13
h36	h14
h36	h16
h36	h18
h36	h20
h36	v29
h36	h23
h36	h24
h36	h25
h36	h31
h36	h32
h36	h36
h36	v42
h36	h39
h36	h43
h36	v98
h36	h46
h36	h47
h36	h49
h36	h50
h36	h53
h36	h54
h36	h57
h36	h60
h36	h62
h36	h68
h36	h70
h36	h73
h36	h76
h36	v50
h36	h79
h36	h81
h36	h82
h36	h84
h36	h87
h36	h88
h36	h89
h36	v60
h36	h91
h36	h92
h36	h93
h36	h95
h36	v94
h36	h98
v56	h1
v56	v56
v56	h43
v56	h44
v56	h60
v56	h79
v56	h81
v56	h90
v56	h97
h37	h0
h37	h2
h37	h4
h37	v35
h37	h5
h37	h7
h37	v21
h37	h10
h37	h11
h37	h13
h37	h16
h37	h17
h37	v72
h37	h19
h37	h21
h37	h22
h37	h25
h37	h26
h37	h28
h37	v2
h37	h31
h37	h32
h37	h34
h37	h35
h37	h37
h37	h39
h37	h41
h37	h42
h37	h43
h37	h46
h37	h48
h37	v70
h37	h49
h37	h51
h37	h52
h37	h54
h37	h58
h37	h59
h37	h60
h37	h68
h37	h69
h37	h70
h37	h72
h37	h73
h37	h74
h37	h76
h37	h77
h37	v43
h37	h81
h37	v51
h37	h87
h37	h89
h37	h91
h37	h93
h37	v39
h37	h94
h37	h95
h37	h96
h37	h97
h37	h98
h38	v83
h38	h3
h38	h7
h38	h10
h38	h12
h38	h14
h38	h18
h38	h19
h38	h26
h38	v23
h38	h27
h38	h38
h38	h40
h38	h41
h38	h47
h38	h51
h38	v91
h38	h53
h38	h54
h38	h57
h38	h59
h38	h64
h38	h65
h38	h69
h38	h71
h38	h73
h38	v14
h38	h74
h38	h79
h38	v88
h38	h85
h38	h87
h38	h89
h38	h90
h38	h92
h38	h99
v42	h16
v42	h32
v42	h36
v42	v42
v42	h54
v42	h60
v42	h70
v42	h79
v42	h98
h39	h3
h39	h4
h39	h5
h39	h7
h39	h8
h39	h9
h39	v90
h39	h12
h39	h13
h39	v40
h39	h16
h39	h19
h39	h20
h39	h21
h39	h23
h39	h24
h39	v30
h39	h29
h39	h31
h39	h33
h39	h35
h39	h36
h39	h37
h39	h39
h39	h41
h39	h45
h39	h46
h39	h47
h39	h51
h39	h53
h39	h54
h39	h58
h39	h63
h39	h67
h39	h70
h39	h73
h39	v34
h39	v43
h39	h78
h39	h82
h39	h83
h39	h84
h39	h86
h39	v51
h39	h89
h39	h90
h39	h91
h39	h92
h39	h93
h39	h95
h39	h97
h39	h98
h40	h0
h40	v86
h40	h2
h40	v15
h40	h5
h40	h8
h40	h10
h40	h12
h40	h14
h40	h15
h40	h17
h40	h18
h40	v11
h40	v68
h40	h21
h40	h22
h40	h23
h40	h24
h40	h27
h40	h28
h40	h29
h40	h30
h40	h31
h40	h33
h40	h34
h40	h38
h40	h40
h40	v19
h40	h43
h40	h47
h40	h49
h40	v91
h40	h52
h40	h53
h40	h57
h40	h62
h40	h67
h40	h69
h40	h70
h40	h71
h40	h72
h40	h79
h40	h83
h40	h84
h40	h85
h40	h86
h40	h87
h40	v99
h40	h89
h40	h90
h40	h93
h40	h95
h40	h96
h40	h99
v73	h4
v73	h11
v73	h13
v73	h15
v73	v73
v73	h64
h41	v83
h41	h3
h41	h4
h41	h7
h41	h8
h41	h12
h41	h14
h41	v40
h41	h16
h41	v72
h41	h18
h41	h19
h41	h20
h41	h21
h41	h26
h41	h31
h41	h37
h41	h38
h41	h39
h41	h41
h41	h45
h41	h46
h41	h51
h41	v80
h41	h54
h41	h59
h41	h72
h41	h73
h41	h74
h41	h83
h41	h84
h41	h86
h41	h87
h41	h89
h41	h90
h41	h91
h41	h94
h41	h98
h41	h99
h42	v21
h42	h10
h42	h17
h42	h21
h42	h22
h42	v82
h42	h24
h42	h37
h42	h42
h42	h44
h42	h58
h42	h60
h42	h65
h42	h70
h42	v64
h42	h85
h42	h90
h42	h93
h42	h97
h42	h99
v19	h10
v19	h15
v19	h31
v19	h33
v19	h40
v19	v19
v19	h43
v19	h70
v19	h89
h43	h0
h43	h1
h43	h2
h43	h3
h43	h4
h43	h10
h43	h11
h43	h15
h43	h20
h43	h21
h43	v29
h43	h25
h43	h26
h43	h28
h43	h29
h43	h31
h43	h33
h43	h36
h43	v56
h43	h37
h43	h40
h43	v19
h43	h43
h43	h44
h43	h46
h43	h49
h43	h52
h43	h54
h43	h56
h43	h59
h43	v5
h43	h60
h43	v25
h43	h63
h43	h66
h43	h69
h43	h70
h43	v95
h43	h72
h43	h74
h43	h76
h43	h77
h43	h79
h43	h81
h43	h89
h43	h90
h43	v39
h43	h95
h43	h96
h43	h97
v84	h17
v84	h28
v84	v84
v84	h56
v84	h72
v84	h76
v84	h92
v84	h93
h44	h1
h44	h4
h44	h6
h44	v49
h44	h10
h44	v59
h44	h15
h44	h17
h44	h18
h44	v36
h44	h21
h44	h22
h44	v82
h44	h28
h44	h32
h44	h33
h44	v56
h44	h42
h44	h43
h44	h44
h44	h51
h44	h52
h44	h56
h44	h57
h44	h60
h44	v25
h44	h63
h44	h65
h44	h70
h44	h72
h44	h77
h44	h79
h44	h81
h44	h85
h44	h90
h44	h93
h44	h95
h44	h96
h44	h97
h44	h98
h44	h99
v37	h5
v37	h33
v37	h35
v37	v37
v37	h59
v37	h62
v37	h87
v37	h89
h45	h4
h45	h8
h45	v40
h45	h20
h45	h21
h45	h39
h45	h41
h45	h45
h45	h54
h45	h83
h45	h84
h45	h90
v98	h7
v98	h36
v98	v98
v98	h49
v98	h84
v98	h88
v98	h91
v98	h95
h46	h0
h46	h2
h46	h3
h46	h4
h46	h5
h46	h16
h46	v72
h46	h19
h46	h21
h46	v29
h46	h26
h46	h31
h46	v69
h46	h36
h46	h37
h46	h39
h46	h41
h46	h43
h46	h46
h46	h49
h46	h52
h46	h59
h46	h70
h46	h72
h46	v45
h46	h73
h46	h74
h46	h76
h46	v43
h46	h82
h46	h89
h46	h91
h46	h95
h46	h96
h46	h98
v24	h0
v24	h9
v24	h19
v24	h22
v24	h28
v24	v24
v24	h59
v24	h72
v24	h82
h47	h3
h47	h4
h47	h5
h47	h6
h47	h9
h47	h10
h47	h11
h47	v90
h47	h12
h47	h13
h47	h16
h47	h19
h47	v67
h47	h23
h47	h24
h47	h27
h47	h29
h47	h30
h47	v22
h47	h36
h47	h38
h47	h39
h47	h40
h47	h47
h47	h50
h47	v91
h47	h52
h47	h53
h47	h54
h47	h57
h47	v81
h47	h60
h47	h61
h47	h64
h47	h65
h47	h69
h47	h71
h47	h77
h47	h79
h47	h81
h47	v76
h47	h82
h47	h83
h47	h87
h47	h89
h47	h92
h47	h93
h47	h98
h47	h99
h48	h0
h48	v35
h48	v26
h48	h18
h48	h21
h48	h22
h48	h24
h48	h31
h48	h32
h48	h37
h48	h48
h48	h50
h48	h52
h48	h63
h48	h68
h48	h69
h48	h77
h48	h87
h48	h92
h48	v12
h48	h95
v70	h21
v70	h34
v70	h37
v70	v70
v70	h51
v70	h76
v70	h94
h49	h0
h49	h2
h49	v15
h49	h3
h49	h4
h49	h7
h49	h11
h49	h14
h49	h18
h49	h21
h49	v29
h49	h25
h49	h31
h49	h36
h49	h37
h49	h40
h49	h43
h49	v98
h49	h46
h49	h49
h49	h50
h49	h52
h49	h54
h49	h57
h49	h59
h49	h62
h49	h69
h49	h74
h49	h76
h49	h81
h49	h82
h49	h84
h49	h86
h49	h88
h49	v60
h49	h91
h49	v39
h49	h95
h49	h96
v13	h26
v13	h33
v13	v13
v13	h61
v13	h79
v13	h98
h50	h0
h50	h4
h50	v27
h50	h12
h50	h14
h50	h16
h50	h18
h50	h23
h50	h26
h50	h31
h50	h34
h50	h36
h50	h47
h50	h48
h50	h49
h50	h50
h50	h52
h50	h54
h50	h61
h50	h62
h50	h67
h50	h69
h50	h75
h50	h79
h50	h81
h50	v76
h50	h82
h50	h83
h50	v54
h50	v60
h50	h92
h50	h94
h50	v12
h50	h98
h50	h99
h51	v83
h51	h3
h51	h5
h51	h7
h51	v49
h51	h10
h51	h12
h51	h14
h51	h16
h51	h18
h51	h19
h51	h21
h51	v23
h51	h31
h51	h34
h51	h35
h51	h37
h51	h38
h51	h39
h51	h41
h51	h44
h51	v70
h51	h51
h51	h73
h51	h76
h51	v51
h51	h87
h51	h89
h51	h90
h51	h94
h51	h96
h51	h97
h51	h99
v91	h10
v91	h27
v91	h38
v91	h40
v91	h47
v91	v91
v91	h53
v91	h57
h52	v15
h52	h4
h52	v35
h52	h5
h52	v92
h52	h15
h52	h16
h52	h17
h52	v36
h52	h21
h52	h26
h52	h28
h52	h32
h52	h33
h52	v69
h52	h37
h52	h40
h52	h43
h52	h44
h52	h46
h52	h47
h52	h48
h52	h49
h52	h50
h52	h52
h52	h54
h52	h56
h52	h57
h52	v25
h52	h63
h52	h68
h52	h69
h52	h70
h52	h72
h52	h73
h52	h77
h52	h79
h52	h81
h52	v76
h52	h83
h52	h84
h52	h86
h52	h87
h52	h89
h52	h93
h52	h95
h52	h96
h52	h97
h52	h98
h52	h99
v80	h18
v80	h26
v80	h31
v80	h41
v80	v80
v80	h86
v80	h87
v80	h94
v80	h98
h53	h0
h53	v86
h53	h2
h53	h3
h53	h5
h53	h9
h53	h10
h53	v90
h53	h12
h53	h13
h53	h14
h53	h18
h53	h20
h53	h23
h53	h24
h53	h25
h53	h27
h53	h29
h53	h30
h53	h34
h53	h35
h53	h36
h53	h38
h53	h39
h53	h40
h53	h47
h53	v91
h53	h53
h53	h57
h53	h58
h53	h59
h53	h62
h53	h67
h53	h69
h53	h71
h53	v8
h53	h82
h53	v78
h53	h83
h53	h85
h53	v3
h53	h86
h53	h89
h53	h92
h53	h95
h53	h97
h53	h99
h54	h0
h54	h4
h54	h8
h54	h11
h54	h14
h54	v40
h54	h16
h54	h19
h54	h20
h54	h21
h54	h25
h54	v22
h54	h32
h54	h36
h54	h37
h54	h38
h54	v42
h54	h39
h54	h41
h54	h43
h54	h45
h54	h47
h54	h49
h54	h50
h54	h52
h54	h54
h54	h57
h54	h59
h54	h60
h54	h62
h54	h64
h54	h65
h54	v57
h54	h69
h54	h70
h54	h71
h54	h74
h54	h79
h54	h81
h54	v76
h54	h83
h54	v88
h54	h84
h54	h90
h54	h92
h54	h93
h54	v39
h54	h94
h54	h96
h54	h98
h54	h99
h56	h4
h56	h15
h56	h17
h56	h28
h56	h33
h56	h43
h56	v84
h56	h44
h56	h52
h56	h56
h56	v25
h56	h72
h56	h76
h56	h79
h56	h81
h56	h92
h56	h93
h56	h95
h56	h96
h56	h97
h57	h0
h57	h1
h57	v15
h57	v93
h57	h5
h57	h6
h57	h9
h57	h10
h57	v59
h57	h13
h57	h17
h57	h18
h57	v11
h57	h21
h57	h22
h57	h23
h57	h24
h57	h25
h57	h27
h57	h28
h57	h32
h57	h34
h57	h36
h57	h38
h57	h40
h57	h44
h57	h47
h57	h49
h57	v91
h57	h52
h57	h53
h57	h54
h57	h57
h57	h59
h57	h62
h57	h64
h57	h67
h57	h68
h57	h69
h57	h72
h57	h73
h57	h74
h57	h77
h57	h78
h57	v50
h57	h79
h57	v87
h57	v78
h57	v88
h57	h84
h57	h85
h57	h86
h57	h87
h57	v99
h57	h92
h57	h93
h57	h95
h57	h96
h57	h98
h57	h99
v96	h24
v96	v96
v96	h59
v96	h63
v96	h75
v96	h79
h58	h7
h58	v21
h58	h10
h58	h16
h58	h21
h58	h22
h58	h33
h58	h34
h58	h37
h58	h39
h58	h42
h58	h53
h58	h58
h58	h60
h58	h62
h58	h69
h58	h70
h58	v34
h58	v8
h58	h83
h58	h90
h58	h91
h58	h93
h58	h95
h58	h97
v81	h6
v81	h11
v81	h13
v81	h19
v81	h23
v81	h30
v81	h47
v81	v81
v81	h60
v81	h61
v81	h65
v81	h81
v81	h87
v81	h93
v81	h99
h59	h0
h59	h5
h59	h9
h59	h11
h59	h16
h59	v72
h59	h19
h59	h21
h59	h22
h59	h24
h59	h25
h59	h26
h59	h28
h59	h33
h59	h35
h59	h37
h59	h38
h59	h41
h59	h43
h59	v37
h59	h46
h59	v24
h59	h49
h59	h53
h59	h54
h59	h57
h59	v96
h59	h59
h59	h62
h59	h63
h59	h64
h59	h65
h59	h67
h59	h69
h59	h71
h59	h72
h59	h73
h59	v14
h59	h74
h59	h75
h59	h79
h59	h81
h59	h82
h59	v78
h59	h85
h59	h87
h59	h89
h59	h91
h59	v39
h59	h96
h59	h98
v5	h20
v5	h21
v5	h43
v5	v5
v5	h63
v5	h66
h60	h1
h60	h6
h60	v21
h60	h10
h60	h11
h60	h13
h60	h16
h60	h19
h60	h20
h60	h22
h60	h23
h60	h30
h60	h32
h60	h36
h60	v56
h60	h37
h60	v42
h60	h42
h60	h43
h60	h44
h60	h47
h60	h54
h60	h58
h60	v81
h60	h60
h60	h61
h60	h65
h60	h70
h60	h73
h60	h79
h60	h81
h60	h87
h60	h90
h60	h93
h60	h97
h60	v94
h60	h98
h60	h99
v25	h4
v25	h15
v25	h28
v25	h33
v25	h43
v25	h44
v25	h52
v25	h56
v25	v25
v25	h72
v25	h79
v25	h81
v25	h95
v25	h96
v25	h97
h61	h4
h61	h6
h61	h11
h61	h13
h61	h19
h61	h23
h61	h26
h61	h30
h61	h33
h61	h34
h61	h47
h61	v13
h61	h50
h61	v81
h61	h60
h61	h61
h61	h65
h61	h67
h61	h69
h61	h75
h61	h79
h61	h81
h61	h82
h61	h87
h61	v54
h61	v32
h61	h90
h61	h93
h61	h94
h61	h98
h61	h99
h62	h0
h62	v77
h62	h4
h62	h5
h62	h9
h62	v62
h62	h12
h62	h14
h62	h17
h62	h18
h62	h19
h62	h21
h62	h24
h62	h25
h62	h33
h62	h34
h62	h35
h62	h36
h62	h40
h62	v37
h62	h49
h62	h50
h62	h53
h62	h54
h62	h57
h62	h58
h62	h59
h62	h62
h62	h65
h62	h68
h62	v57
h62	h69
h62	h72
h62	h74
h62	v50
h62	h79
h62	v8
h62	h81
h62	h82
h62	h84
h62	h87
h62	v99
h62	h89
h62	h90
h62	v60
h62	h93
h62	h94
h62	h95
h62	h96
h62	h97
h63	v26
h63	h18
h63	v36
h63	h20
h63	h21
h63	h22
h63	h24
h63	v30
h63	h29
h63	h32
h63	h33
h63	h39
h63	h43
h63	h44
h63	h48
h63	h52
h63	v96
h63	h59
h63	v5
h63	h63
h63	h66
h63	h67
h63	h69
h63	h70
h63	h73
h63	h75
h63	h78
h63	h79
h63	h86
h63	h90
h63	h92
h63	h93
h63	h98
h64	h4
h64	h5
h64	h11
h64	h13
h64	h15
h64	v67
h64	h26
h64	h29
h64	h38
h64	v73
h64	h47
h64	h54
h64	h57
h64	h59
h64	h64
h64	h65
h64	h69
h64	h71
h64	v14
h64	h74
h64	h77
h64	h79
h64	v88
h64	h85
h64	h87
h64	h89
h64	h92
h65	h4
h65	h6
h65	h11
h65	h13
h65	h14
h65	h17
h65	h19
h65	h21
h65	h22
h65	h23
h65	v82
h65	h26
h65	h30
h65	h38
h65	h42
h65	h44
h65	h47
h65	h54
h65	v81
h65	h59
h65	h60
h65	h61
h65	h62
h65	h64
h65	h65
h65	v57
h65	h71
h65	v14
h65	h74
h65	h81
h65	h85
h65	h87
h65	h89
h65	h93
h65	h94
h65	h99
v46	h8
v46	h26
v46	v46
v46	h68
v46	h88
h66	h20
h66	h21
h66	h43
h66	v5
h66	h63
h66	h66
h67	h4
h67	h5
h67	h9
h67	v27
h67	h12
h67	v11
h67	h22
h67	h23
h67	v30
h67	h26
h67	h27
h67	h28
h67	h29
h67	h33
h67	h34
h67	h39
h67	h40
h67	h50
h67	h53
h67	h57
h67	h59
h67	h61
h67	h63
h67	h67
h67	h69
h67	h73
h67	h75
h67	h78
h67	h82
h67	v78
h67	h85
h67	h86
h67	v54
h67	h90
h67	h93
h67	h94
h67	h98
h68	h0
h68	v93
h68	v35
h68	h8
h68	h13
h68	h18
h68	h21
h68	h24
h68	h25
h68	h26
h68	h32
h68	h36
h68	h37
h68	h48
h68	h52
h68	h57
h68	h62
h68	v46
h68	h68
h68	h77
h68	h78
h68	v50
h68	h84
h68	h85
h68	h86
h68	h87
h68	h88
h68	h93
h68	h95
v57	h4
v57	h14
v57	h19
v57	h54
v57	h62
v57	h65
v57	v57
v57	h74
v57	h93
v57	h94
h69	h0
h69	v86
h69	h2
h69	h5
h69	h11
h69	h12
h69	h14
h69	v26
h69	h16
h69	h18
h69	v11
h69	h22
h69	h23
h69	h24
h69	h25
h69	h26
h69	h27
h69	h28
h69	h29
h69	h30
h69	h34
h69	h37
h69	h38
h69	h40
h69	h43
h69	h47
h69	h48
h69	h49
h69	h50
h69	h52
h69	h53
h69	h54
h69	h57
h69	h58
h69	h59
h69	h61
h69	h62
h69	h63
h69	h64
h69	h67
h69	h69
h69	v95
h69	h71
h69	h74
h69	h76
h69	h77
h69	h79
h69	v8
h69	h81
h69	v76
h69	h83
h69	v88
h69	h85
h69	v32
h69	h90
h69	h92
h69	v39
h69	h94
h69	h95
h69	h96
h69	h97
h69	h98
h69	h99
h70	h4
h70	v21
h70	h10
h70	h12
h70	h15
h70	h16
h70	v36
h70	h19
h70	h20
h70	h22
h70	h24
h70	h30
h70	h31
h70	h32
h70	v58
h70	h33
h70	h36
h70	h37
h70	v42
h70	h39
h70	h40
h70	h42
h70	v19
h70	h43
h70	h44
h70	h46
h70	h52
h70	h54
h70	h58
h70	h60
h70	h63
h70	h70
h70	h73
h70	h77
h70	v43
h70	h79
h70	h89
h70	h93
h70	h95
h70	h98
v95	h26
v95	h29
v95	h43
v95	h69
v95	v95
v95	h76
v95	h77
h71	h0
h71	v86
h71	h2
h71	h11
h71	h12
h71	h14
h71	h18
h71	h26
h71	h29
h71	h30
h71	v22
h71	h38
h71	h40
h71	h47
h71	h53
h71	h54
h71	h59
h71	h64
h71	h65
h71	h69
h71	h71
h71	v14
h71	h81
h71	h83
h71	h85
h71	h87
h71	h89
h71	h92
h71	h99
h72	h0
h72	h4
h72	h9
h72	h15
h72	h16
h72	h17
h72	v72
h72	h19
h72	h21
h72	h22
h72	h24
h72	h26
h72	h28
h72	h33
h72	h34
h72	h37
h72	h40
h72	h41
h72	h43
h72	v84
h72	h44
h72	h46
h72	v24
h72	h52
h72	h56
h72	h57
h72	h59
h72	v25
h72	h62
h72	h72
h72	h73
h72	h74
h72	h76
h72	h79
h72	h81
h72	h82
h72	v99
h72	h91
h72	h92
h72	h93
h72	h95
h72	h96
h72	h97
h72	h98
v45	h0
v45	h46
v45	v45
v45	h82
v45	h95
h73	v83
h73	h3
h73	h4
h73	h5
h73	h6
h73	h7
h73	h12
h73	h13
h73	h14
h73	h16
h73	v72
h73	h19
h73	h20
h73	h21
h73	h22
h73	h24
h73	v30
h73	h26
h73	h29
h73	h30
h73	h32
h73	v58
h73	h33
h73	v69
h73	h34
h73	h36
h73	h37
h73	h38
h73	h39
h73	h41
h73	h46
h73	h51
h73	h52
h73	h57
h73	h59
h73	h60
h73	h63
h73	h67
h73	h70
h73	h72
h73	h73
h73	h74
h73	h77
h73	v43
h73	h78
h73	v87
h73	h86
h73	h89
h73	h90
h73	h91
h73	h93
h73	h95
h73	h96
h73	v94
h73	h98
h73	h99
v14	h26
v14	h38
v14	h59
v14	h64
v14	h65
v14	h71
v14	v14
v14	h85
v14	h87
v14	h89
h74	h0
h74	h2
h74	h4
h74	h10
h74	h11
h74	h13
h74	h14
h74	h16
h74	h17
h74	v72
h74	h19
h74	h21
h74	h25
h74	h26
h74	h28
h74	v2
h74	h31
h74	h37
h74	h38
h74	h41
h74	h43
h74	h46
h74	h49
h74	h54
h74	h57
h74	h59
h74	h62
h74	h64
h74	h65
h74	v57
h74	h69
h74	h72
h74	h73
h74	h74
h74	h79
h74	h81
h74	v88
h74	h91
h74	h92
h74	h93
h74	v39
h74	h94
h74	h96
h74	h98
h75	h4
h75	h23
h75	h24
h75	h26
h75	h50
h75	v96
h75	h59
h75	h61
h75	h63
h75	h67
h75	h75
h75	h79
h75	h82
h75	v54
v34	h7
v34	h16
v34	h21
v34	h33
v34	h39
v34	h58
v34	v34
v34	h83
v34	h90
v34	h91
h76	h0
h76	h2
h76	h3
h76	h17
h76	h21
h76	v29
h76	h26
h76	h28
h76	h29
h76	h31
h76	h34
h76	h36
h76	h37
h76	h43
h76	v84
h76	h46
h76	v70
h76	h49
h76	h51
h76	h56
h76	h69
h76	v95
h76	h72
h76	h76
h76	h77
h76	h92
h76	h93
h76	h94
v64	h21
v64	h24
v64	h42
v64	v64
v64	h85
v64	h90
v64	h97
h77	h1
h77	h4
h77	v35
h77	h5
h77	h6
h77	h12
h77	v59
h77	h17
h77	h18
h77	h20
h77	h21
h77	v67
h77	h22
h77	h24
h77	h26
h77	h28
h77	h29
h77	h30
h77	h32
h77	v58
h77	h34
h77	h37
h77	h43
h77	h44
h77	h47
h77	h48
h77	h52
h77	h57
h77	h64
h77	h68
h77	h69
h77	h70
h77	v95
h77	h73
h77	h76
h77	h77
h77	v87
h77	h85
h77	h87
h77	h95
h77	h98
h77	h99
v43	h4
v43	h19
v43	h37
v43	h39
v43	h46
v43	h70
v43	h73
v43	v43
v43	h95
v43	h98
h78	v93
h78	h13
h78	h18
h78	h24
h78	v30
h78	h29
h78	h33
h78	h39
h78	h57
h78	h63
h78	h67
h78	h68
h78	h73
h78	h78
h78	h85
h78	h86
h78	h90
h78	h93
h78	h98
v50	h0
v50	h25
v50	h36
v50	h57
v50	h62
v50	h68
v50	v50
v50	h84
v50	h87
v50	h93
h79	h1
h79	h4
h79	h15
h79	h16
h79	h17
h79	h21
h79	h24
h79	h26
h79	h28
h79	h32
h79	h33
h79	h34
h79	h36
h79	v56
h79	h38
h79	v42
h79	h40
h79	h43
h79	h44
h79	h47
h79	v13
h79	h50
h79	h52
h79	h54
h79	h56
h79	h57
h79	v96
h79	h59
h79	h60
h79	v25
h79	h61
h79	h62
h79	h63
h79	h64
h79	h69
h79	h70
h79	h72
h79	h74
h79	h75
h79	h79
h79	h81
h79	v76
h79	h83
h79	v88
h79	v99
h79	h90
h79	h92
h79	h95
h79	h96
h79	h97
h79	h98
h79	h99
v87	h6
v87	h22
v87	h32
v87	h34
v87	h57
v87	h73
v87	h77
v87	v87
v87	h99
v8	h34
v8	h53
v8	h58
v8	h62
v8	h69
v8	v8
v8	h95
v8	h97
h81	h0
h81	h1
h81	h4
h81	h6
h81	h11
h81	h13
h81	h14
h81	h15
h81	h18
h81	h19
h81	h23
h81	h25
h81	h28
h81	h30
h81	v22
h81	h33
h81	h36
h81	v56
h81	h37
h81	h43
h81	h44
h81	h47
h81	h49
h81	h50
h81	h52
h81	h54
h81	h56
h81	v81
h81	h59
h81	h60
h81	v25
h81	h61
h81	h62
h81	h65
h81	h69
h81	h71
h81	h72
h81	h74
h81	h79
h81	h81
h81	h82
h81	h83
h81	h87
h81	h90
h81	v60
h81	h92
h81	h93
h81	v39
h81	h95
h81	h96
h81	h97
h81	h99
v76	h16
v76	h47
v76	h50
v76	h52
v76	h54
v76	h69
v76	h79
v76	v76
v76	h83
v76	h98
v76	h99
h82	h0
h82	h3
h82	h4
h82	h5
h82	h9
h82	v62
h82	v27
h82	v90
h82	h12
h82	h13
h82	h14
h82	h18
h82	h19
h82	h22
h82	h23
h82	h24
h82	h26
h82	h28
h82	h34
h82	h36
h82	h39
h82	h46
h82	v24
h82	h47
h82	h49
h82	h50
h82	h53
h82	h59
h82	h61
h82	h62
h82	h67
h82	h72
h82	v45
h82	h75
h82	h81
h82	h82
h82	v54
h82	h89
h82	v60
h82	h92
h82	h94
h82	h95
v78	h9
v78	h53
v78	h57
v78	h59
v78	h67
v78	v78
h83	h0
h83	v86
h83	h2
h83	h4
h83	h7
h83	h8
h83	h11
h83	h12
h83	h14
h83	v40
h83	h16
h83	h18
h83	h20
h83	h21
h83	h29
h83	h30
h83	v22
h83	h33
h83	h39
h83	h40
h83	h41
h83	h45
h83	h47
h83	h50
h83	h52
h83	h53
h83	h54
h83	h58
h83	h69
h83	h71
h83	v34
h83	h79
h83	h81
h83	v76
h83	h83
h83	h84
h83	h85
h83	h90
h83	h91
h83	h92
h83	h98
h83	h99
v88	h38
v88	h54
v88	h57
v88	h64
v88	h69
v88	h74
v88	h79
v88	v88
v88	h92
h84	h0
h84	v15
h84	h4
h84	h7
h84	h8
h84	v40
h84	h20
h84	h21
h84	h25
h84	h36
h84	h39
h84	h40
h84	h41
h84	h45
h84	v98
h84	h49
h84	h52
h84	h54
h84	h57
h84	h62
h84	h68
h84	v50
h84	h83
h84	h84
h84	h86
h84	h87
h84	h88
h84	h90
h84	h91
h84	h93
h84	h95
h84	h96
h85	h0
h85	v86
h85	h1
h85	h2
h85	v93
h85	h5
h85	h6
h85	h12
h85	v59
h85	h13
h85	h14
h85	h17
h85	h18
h85	v11
h85	h20
h85	h21
h85	h22
h85	h23
h85	h24
h85	h25
h85	h26
h85	h27
h85	h28
h85	h29
h85	h30
h85	h35
h85	h38
h85	h40
h85	h42
h85	h44
h85	h53
h85	h57
h85	h59
h85	h64
h85	h65
h85	h67
h85	h68
h85	h69
h85	h71
h85	v14
h85	v64
h85	h77
h85	h78
h85	h83
h85	h85
h85	v3
h85	h86
h85	h87
h85	h89
h85	h90
h85	h97
h85	h98
h85	h99
v3	h0
v3	h20
v3	h25
v3	h35
v3	h53
v3	h85
v3	v3
v3	h86
h86	h0
h86	v15
h86	v93
h86	v92
h86	h13
h86	h15
h86	h17
h86	h18
h86	h20
h86	h21
h86	h24
h86	v30
h86	h25
h86	h26
h86	h29
h86	h31
h86	h32
h86	h33
h86	h35
h86	h39
h86	h40
h86	h41
h86	h49
h86	h52
h86	v80
h86	h53
h86	h57
h86	h63
h86	h67
h86	h68
h86	h73
h86	h78
h86	h84
h86	h85
h86	v3
h86	h86
h86	h87
h86	h90
h86	h93
h86	h94
h86	h95
h86	h96
h86	h98
v51	h5
v51	h7
v51	h16
v51	h21
v51	h31
v51	h35
v51	h37
v51	h39
v51	h51
v51	v51
v51	h89
v51	h97
h87	h0
h87	v77
h87	v35
h87	h5
h87	h6
h87	h8
h87	h9
h87	h11
h87	h13
h87	v63
h87	h15
h87	h18
h87	h19
h87	v68
h87	h21
h87	h22
h87	h23
h87	h25
h87	h26
h87	v23
h87	h28
h87	h30
h87	h31
h87	h32
h87	h33
h87	h35
h87	h36
h87	h37
h87	h38
h87	h40
h87	h41
h87	v37
h87	h47
h87	h48
h87	h51
h87	h52
h87	v80
h87	h57
h87	v81
h87	h59
h87	h60
h87	h61
h87	h62
h87	h64
h87	h65
h87	h68
h87	h71
h87	v14
h87	h77
h87	v50
h87	h81
h87	h84
h87	h85
h87	h86
h87	h87
h87	h89
h87	h90
h87	h91
h87	h93
h87	h94
h87	h95
h87	h96
h87	h98
h87	h99
v54	h4
v54	h23
v54	h26
v54	h50
v54	h61
v54	h67
v54	h75
v54	h82
v54	v54
h88	h7
h88	h8
h88	h26
h88	h36
h88	v98
h88	h49
h88	v46
h88	h68
h88	h84
h88	h88
h88	h91
h88	h95
v99	h17
v99	h21
v99	h24
v99	h34
v99	h40
v99	h57
v99	h62
v99	h72
v99	h79
v99	v99
h89	v83
h89	h3
h89	h5
h89	h7
h89	h9
h89	v62
h89	h10
h89	v90
h89	h12
h89	h13
h89	h14
h89	h15
h89	h16
h89	h19
h89	h21
h89	h23
h89	h24
h89	h26
h89	h31
h89	h33
h89	v69
h89	h35
h89	h36
h89	h37
h89	h38
h89	h39
h89	h40
h89	h41
h89	v19
h89	h43
h89	v37
h89	h46
h89	h47
h89	h51
h89	h52
h89	h53
h89	h59
h89	h62
h89	h64
h89	h65
h89	h70
h89	h71
h89	h73
h89	v14
h89	h82
h89	h85
h89	v51
h89	h87
h89	h89
h89	h90
h89	h92
h89	h96
h89	h97
h89	h99
v32	h34
v32	h61
v32	h69
v32	v32
v32	h90
v32	h94
h90	v83
h90	h1
h90	v77
h90	h3
h90	h4
h90	h5
h90	h7
h90	h8
h90	h9
h90	h12
h90	h14
h90	h15
h90	v40
h90	h16
h90	h19
h90	h20
h90	v68
h90	h21
h90	h24
h90	v30
h90	h28
h90	h29
h90	h31
h90	h33
h90	h34
h90	h35
h90	v56
h90	h38
h90	h39
h90	h40
h90	h41
h90	h42
h90	h43
h90	h44
h90	h45
h90	h51
h90	h54
h90	h58
h90	h60
h90	h61
h90	h62
h90	h63
h90	h67
h90	h69
h90	h73
h90	v34
h90	v64
h90	h78
h90	h79
h90	h81
h90	h83
h90	h84
h90	h85
h90	h86
h90	h87
h90	h89
h90	v32
h90	h90
h90	h91
h90	h93
h90	h94
h90	h96
h90	h97
h90	h98
h90	h99
v60	h4
v60	h14
v60	h18
v60	h36
v60	h49
v60	h50
v60	h62
v60	h81
v60	h82
v60	v60
h91	h0
h91	h7
h91	h13
h91	v63
h91	h16
h91	v72
h91	h18
h91	h21
h91	h22
h91	h26
h91	h33
h91	h35
h91	h36
h91	h37
h91	h39
h91	h41
h91	v98
h91	h46
h91	h49
h91	h58
h91	h59
h91	h72
h91	h73
h91	h74
h91	v34
h91	h83
h91	h84
h91	h87
h91	h88
h91	h90
h91	h91
h91	h95
h91	h98
h91	h99
h92	h0
h92	h3
h92	h5
h92	h9
h92	h11
h92	v90
h92	h12
h92	h13
h92	v26
h92	h17
h92	h18
h92	h22
h92	h23
h92	h24
h92	h28
h92	h31
h92	v22
h92	h36
h92	h38
h92	h39
h92	v84
h92	h47
h92	h48
h92	h50
h92	h53
h92	h54
h92	h56
h92	h57
h92	h63
h92	h64
h92	h69
h92	h71
h92	h72
h92	h74
h92	h76
h92	h79
h92	h81
h92	h82
h92	h83
h92	v88
h92	h89
h92	h92
h92	h93
h92	v12
h93	h0
h93	h4
h93	h5
h93	h6
h93	h8
h93	v21
h93	h10
h93	h11
h93	h13
h93	h14
h93	h15
h93	h17
h93	v36
h93	h19
h93	v68
h93	h22
h93	h23
h93	v30
h93	h25
h93	h28
h93	h29
h93	h30
h93	h31
h93	h32
h93	h33
h93	h36
h93	h37
h93	h39
h93	h40
h93	h42
h93	v84
h93	h44
h93	h47
h93	h52
h93	h54
h93	h56
h93	h57
h93	h58
h93	v81
h93	h60
h93	h61
h93	h62
h93	h63
h93	h65
h93	h67
h93	h68
h93	v57
h93	h70
h93	h72
h93	h73
h93	h74
h93	h76
h93	h78
h93	v50
h93	h81
h93	h84
h93	h86
h93	h87
h93	h90
h93	h92
h93	h93
h93	h94
h93	h98
h93	h99
v39	h0
v39	h11
v39	h25
v39	h37
v39	h43
v39	h49
v39	h54
v39	h59
v39	h69
v39	h74
v39	h81
v39	v39
v39	h96
h94	h2
h94	h4
h94	h10
h94	v27
h94	h12
h94	h13
h94	h14
h94	h17
h94	h18
h94	h19
h94	h21
h94	h26
h94	h28
h94	v2
h94	h31
h94	h34
h94	h37
h94	h41
h94	v70
h94	h50
h94	h51
h94	v80
h94	h54
h94	h61
h94	h62
h94	h65
h94	h67
h94	v57
h94	h69
h94	h74
h94	h76
h94	h82
h94	h86
h94	h87
h94	v32
h94	h90
h94	h93
h94	h94
h94	h98
v12	h0
v12	h31
v12	h48
v12	h50
v12	h92
v12	v12
h95	h0
h95	v15
h95	h4
h95	v35
h95	h7
h95	h15
h95	h19
h95	h21
h95	h28
h95	h32
h95	h33
h95	h34
h95	h36
h95	h37
h95	h39
h95	h40
h95	h43
h95	h44
h95	v98
h95	h46
h95	h48
h95	h49
h95	h52
h95	h53
h95	h56
h95	h57
h95	h58
h95	v25
h95	h62
h95	h68
h95	h69
h95	h70
h95	h72
h95	v45
h95	h73
h95	h77
h95	v43
h95	h79
h95	v8
h95	h81
h95	h82
h95	h84
h95	h86
h95	h87
h95	h88
h95	h91
h95	h95
h95	h96
h95	h97
h95	h98
h96	h0
h96	v77
h96	v15
h96	h4
h96	h5
h96	v49
h96	h9
h96	h10
h96	h11
h96	h15
h96	h21
h96	h25
h96	h26
h96	h28
h96	h33
h96	v69
h96	h35
h96	h37
h96	h40
h96	h43
h96	h44
h96	h46
h96	h49
h96	h51
h96	h52
h96	h54
h96	h56
h96	h57
h96	h59
h96	v25
h96	h62
h96	h69
h96	h72
h96	h73
h96	h74
h96	h79
h96	h81
h96	h84
h96	h86
h96	h87
h96	h89
h96	h90
h96	v39
h96	h95
h96	h96
h96	h97
h96	h99
h97	h1
h97	h4
h97	h5
h97	h7
h97	h15
h97	h16
h97	h21
h97	h24
h97	h28
h97	h31
h97	h33
h97	h34
h97	h35
h97	v56
h97	h37
h97	h39
h97	h42
h97	h43
h97	h44
h97	h51
h97	h52
h97	h53
h97	h56
h97	h58
h97	h60
h97	v25
h97	h62
h97	h69
h97	h72
h97	v64
h97	h79
h97	v8
h97	h81
h97	h85
h97	v51
h97	h89
h97	h90
h97	h95
h97	h96
h97	h97
v94	h13
v94	h16
v94	h20
v94	h36
v94	h60
v94	h73
v94	v94
h98	h0
h98	h1
h98	h4
h98	h6
h98	v59
h98	h13
h98	v63
h98	h16
h98	h17
h98	v72
h98	h18
h98	h19
h98	h21
h98	h22
h98	v30
h98	h26
h98	h28
h98	h29
h98	h31
h98	h32
h98	h33
h98	h35
h98	h36
h98	h37
h98	v42
h98	h39
h98	h41
h98	h44
h98	h46
h98	h47
h98	v13
h98	h50
h98	h52
h98	v80
h98	h54
h98	h57
h98	h59
h98	h60
h98	h61
h98	h63
h98	h67
h98	h69
h98	h70
h98	h72
h98	h73
h98	h74
h98	h77
h98	v43
h98	h78
h98	h79
h98	v76
h98	h83
h98	h85
h98	h86
h98	h87
h98	h90
h98	h91
h98	h93
h98	h94
h98	h95
h98	h98
h98	h99
h99	v83
h99	h0
h99	v86
h99	h2
h99	h3
h99	h6
h99	h7
h99	v49
h99	h10
h99	h11
h99	h12
h99	h13
h99	v63
h99	h14
h99	h16
h99	h17
h99	h18
h99	h19
h99	h21
h99	h22
h99	h23
h99	v82
h99	h29
h99	h30
h99	h32
h99	h34
h99	h35
h99	h38
h99	h40
h99	h41
h99	h42
h99	h44
h99	h47
h99	h50
h99	h51
h99	h52
h99	h53
h99	h54
h99	h57
h99	v81
h99	h60
h99	h61
h99	h65
h99	h69
h99	h71
h99	h73
h99	h77
h99	h79
h99	v87
h99	h81
h99	v76
h99	h83
h99	h85
h99	h87
h99	h89
h99	h90
h99	h91
h99	h93
h99	h96
h99	h98
h99	h99
