String	String
platform2	platform3
platform2	platform4
platform2	platform5
platform2	platform6
