String	String
claudette	ann
jeannette	bill
mireille	john
john	ann
john	bill
jean-jacques	alphonse
alphonse	mireille
brad	john
