Int	Int
263	45
40	88
201	202
157	49
306	321
40	87
210	211
199	231
265	56
211	41
259	49
99	39
50	85
54	197
288	195
270	51
234	184
228	157
115	53
193	67
78	114
180	170
172	72
57	96
89	90
212	43
192	62
134	136
52	94
161	108
268	41
190	203
173	76
191	64
203	56
244	175
57	95
73	74
42	92
274	275
261	39
171	69
276	255
42	91
46	81
295	51
50	86
123	89
46	82
315	98
52	93
