Int	Int
63	64
56	57
66	67
68	69
103	104
12	13
27	28
20	18
97	98
79	80
59	60
7	0
33	35
19	20
23	24
108	70
8	9
26	29
83	84
99	58
49	50
47	48
2	3
34	23
45	46
39	40
4	5
11	8
37	38
53	54
61	62
13	16
77	78
25	26
30	27
41	42
43	44
71	72
3	6
36	37
14	15
51	52
22	31
105	106
89	55
17	14
75	76
32	33
0	1
10	4
21	22
