String	String	String	String
n	s	n	s
n	n	n	n
n	s	n	n
n	n	n	s
s	s	s	s
s	n	s	n
s	s	s	n
s	n	s	s
n	n	s	n
s	s	n	s
