String	String
Cleveland St	Shepard St
Elizabeth St	Goulburn St
